Archive member included to satisfy reference by file (symbol)

/home/aly/cuh/stmEnv/stm32cubeide_2.1.1/plugins/com.st.stm32cube.ide.mcu.externaltools.gnu-tools-for-stm32.14.3.rel1.linux64_1.0.100.202602081740/tools/bin/../lib/gcc/arm-none-eabi/14.3.1/../../../../arm-none-eabi/lib/thumb/v7-m/nofp/libc_nano.a(libc_a-exit.o)
                              /home/aly/cuh/stmEnv/stm32cubeide_2.1.1/plugins/com.st.stm32cube.ide.mcu.externaltools.gnu-tools-for-stm32.14.3.rel1.linux64_1.0.100.202602081740/tools/bin/../lib/gcc/arm-none-eabi/14.3.1/../../../../arm-none-eabi/lib/thumb/v7-m/nofp/crt0.o (exit)
/home/aly/cuh/stmEnv/stm32cubeide_2.1.1/plugins/com.st.stm32cube.ide.mcu.externaltools.gnu-tools-for-stm32.14.3.rel1.linux64_1.0.100.202602081740/tools/bin/../lib/gcc/arm-none-eabi/14.3.1/../../../../arm-none-eabi/lib/thumb/v7-m/nofp/libc_nano.a(libc_a-findfp.o)
                              /home/aly/cuh/stmEnv/stm32cubeide_2.1.1/plugins/com.st.stm32cube.ide.mcu.externaltools.gnu-tools-for-stm32.14.3.rel1.linux64_1.0.100.202602081740/tools/bin/../lib/gcc/arm-none-eabi/14.3.1/../../../../arm-none-eabi/lib/thumb/v7-m/nofp/libc_nano.a(libc_a-exit.o) (__stdio_exit_handler)
/home/aly/cuh/stmEnv/stm32cubeide_2.1.1/plugins/com.st.stm32cube.ide.mcu.externaltools.gnu-tools-for-stm32.14.3.rel1.linux64_1.0.100.202602081740/tools/bin/../lib/gcc/arm-none-eabi/14.3.1/../../../../arm-none-eabi/lib/thumb/v7-m/nofp/libc_nano.a(libc_a-fwalk.o)
                              /home/aly/cuh/stmEnv/stm32cubeide_2.1.1/plugins/com.st.stm32cube.ide.mcu.externaltools.gnu-tools-for-stm32.14.3.rel1.linux64_1.0.100.202602081740/tools/bin/../lib/gcc/arm-none-eabi/14.3.1/../../../../arm-none-eabi/lib/thumb/v7-m/nofp/libc_nano.a(libc_a-findfp.o) (_fwalk_sglue)
/home/aly/cuh/stmEnv/stm32cubeide_2.1.1/plugins/com.st.stm32cube.ide.mcu.externaltools.gnu-tools-for-stm32.14.3.rel1.linux64_1.0.100.202602081740/tools/bin/../lib/gcc/arm-none-eabi/14.3.1/../../../../arm-none-eabi/lib/thumb/v7-m/nofp/libc_nano.a(libc_a-snprintf.o)
                              build/main.o (snprintf)
/home/aly/cuh/stmEnv/stm32cubeide_2.1.1/plugins/com.st.stm32cube.ide.mcu.externaltools.gnu-tools-for-stm32.14.3.rel1.linux64_1.0.100.202602081740/tools/bin/../lib/gcc/arm-none-eabi/14.3.1/../../../../arm-none-eabi/lib/thumb/v7-m/nofp/libc_nano.a(libc_a-stdio.o)
                              /home/aly/cuh/stmEnv/stm32cubeide_2.1.1/plugins/com.st.stm32cube.ide.mcu.externaltools.gnu-tools-for-stm32.14.3.rel1.linux64_1.0.100.202602081740/tools/bin/../lib/gcc/arm-none-eabi/14.3.1/../../../../arm-none-eabi/lib/thumb/v7-m/nofp/libc_nano.a(libc_a-findfp.o) (__sread)
/home/aly/cuh/stmEnv/stm32cubeide_2.1.1/plugins/com.st.stm32cube.ide.mcu.externaltools.gnu-tools-for-stm32.14.3.rel1.linux64_1.0.100.202602081740/tools/bin/../lib/gcc/arm-none-eabi/14.3.1/../../../../arm-none-eabi/lib/thumb/v7-m/nofp/libc_nano.a(libc_a-memset.o)
                              /home/aly/cuh/stmEnv/stm32cubeide_2.1.1/plugins/com.st.stm32cube.ide.mcu.externaltools.gnu-tools-for-stm32.14.3.rel1.linux64_1.0.100.202602081740/tools/bin/../lib/gcc/arm-none-eabi/14.3.1/../../../../arm-none-eabi/lib/thumb/v7-m/nofp/crt0.o (memset)
/home/aly/cuh/stmEnv/stm32cubeide_2.1.1/plugins/com.st.stm32cube.ide.mcu.externaltools.gnu-tools-for-stm32.14.3.rel1.linux64_1.0.100.202602081740/tools/bin/../lib/gcc/arm-none-eabi/14.3.1/../../../../arm-none-eabi/lib/thumb/v7-m/nofp/libc_nano.a(libc_a-closer.o)
                              /home/aly/cuh/stmEnv/stm32cubeide_2.1.1/plugins/com.st.stm32cube.ide.mcu.externaltools.gnu-tools-for-stm32.14.3.rel1.linux64_1.0.100.202602081740/tools/bin/../lib/gcc/arm-none-eabi/14.3.1/../../../../arm-none-eabi/lib/thumb/v7-m/nofp/libc_nano.a(libc_a-stdio.o) (_close_r)
/home/aly/cuh/stmEnv/stm32cubeide_2.1.1/plugins/com.st.stm32cube.ide.mcu.externaltools.gnu-tools-for-stm32.14.3.rel1.linux64_1.0.100.202602081740/tools/bin/../lib/gcc/arm-none-eabi/14.3.1/../../../../arm-none-eabi/lib/thumb/v7-m/nofp/libc_nano.a(libc_a-reent.o)
                              /home/aly/cuh/stmEnv/stm32cubeide_2.1.1/plugins/com.st.stm32cube.ide.mcu.externaltools.gnu-tools-for-stm32.14.3.rel1.linux64_1.0.100.202602081740/tools/bin/../lib/gcc/arm-none-eabi/14.3.1/../../../../arm-none-eabi/lib/thumb/v7-m/nofp/libc_nano.a(libc_a-closer.o) (errno)
/home/aly/cuh/stmEnv/stm32cubeide_2.1.1/plugins/com.st.stm32cube.ide.mcu.externaltools.gnu-tools-for-stm32.14.3.rel1.linux64_1.0.100.202602081740/tools/bin/../lib/gcc/arm-none-eabi/14.3.1/../../../../arm-none-eabi/lib/thumb/v7-m/nofp/libc_nano.a(libc_a-impure.o)
                              /home/aly/cuh/stmEnv/stm32cubeide_2.1.1/plugins/com.st.stm32cube.ide.mcu.externaltools.gnu-tools-for-stm32.14.3.rel1.linux64_1.0.100.202602081740/tools/bin/../lib/gcc/arm-none-eabi/14.3.1/../../../../arm-none-eabi/lib/thumb/v7-m/nofp/libc_nano.a(libc_a-snprintf.o) (_impure_ptr)
[...]
Memory Configuration

Name             Origin             Length             Attributes
RAM              0x20000000         0x00005000         xrw
FLASH            0x08000000         0x00010000         xr
*default*        0x00000000         0xffffffff

Linker script and memory map

LOAD /home/aly/cuh/stmEnv/stm32cubeide_2.1.1/plugins/com.st.stm32cube.ide.mcu.externaltools.gnu-tools-for-stm32.14.3.rel1.linux64_1.0.100.202602081740/tools/bin/../lib/gcc/arm-none-eabi/14.3.1/thumb/v7-m/nofp/crti.o
LOAD /home/aly/cuh/stmEnv/stm32cubeide_2.1.1/plugins/com.st.stm32cube.ide.mcu.externaltools.gnu-tools-for-stm32.14.3.rel1.linux64_1.0.100.202602081740/tools/bin/../lib/gcc/arm-none-eabi/14.3.1/thumb/v7-m/nofp/crtbegin.o
LOAD /home/aly/cuh/stmEnv/stm32cubeide_2.1.1/plugins/com.st.stm32cube.ide.mcu.externaltools.gnu-tools-for-stm32.14.3.rel1.linux64_1.0.100.202602081740/tools/bin/../lib/gcc/arm-none-eabi/14.3.1/../../../../arm-none-eabi/lib/thumb/v7-m/nofp/crt0.o
LOAD build/main.o
LOAD build/stm32f1xx_it.o
LOAD build/stm32f1xx_hal_msp.o
LOAD build/usb_device.o
LOAD build/usbd_desc.o
LOAD build/usbd_cdc_if.o
LOAD build/usbd_conf.o
LOAD build/stm32f1xx_hal_gpio_ex.o
LOAD build/stm32f1xx_hal_pcd.o
LOAD build/stm32f1xx_hal_pcd_ex.o
LOAD build/stm32f1xx_ll_usb.o
LOAD build/stm32f1xx_hal.o
LOAD build/stm32f1xx_hal_rcc.o
LOAD build/stm32f1xx_hal_rcc_ex.o
LOAD build/stm32f1xx_hal_gpio.o
LOAD build/stm32f1xx_hal_dma.o
LOAD build/stm32f1xx_hal_cortex.o
LOAD build/stm32f1xx_hal_pwr.o
LOAD build/stm32f1xx_hal_flash.o
LOAD build/stm32f1xx_hal_flash_ex.o
LOAD build/stm32f1xx_hal_exti.o
LOAD build/stm32f1xx_hal_tim.o
LOAD build/stm32f1xx_hal_tim_ex.o
LOAD build/system_stm32f1xx.o
LOAD build/usbd_core.o
LOAD build/usbd_ctlreq.o
LOAD build/usbd_ioreq.o
LOAD build/usbd_cdc.o
LOAD build/sysmem.o
LOAD build/syscalls.o
LOAD build/startup_stm32f103xb.o
LOAD /home/aly/cuh/stmEnv/stm32cubeide_2.1.1/plugins/com.st.stm32cube.ide.mcu.externaltools.gnu-tools-for-stm32.14.3.rel1.linux64_1.0.100.202602081740/tools/bin/../lib/gcc/arm-none-eabi/14.3.1/../../../../arm-none-eabi/lib/thumb/v7-m/nofp/libc_nano.a
LOAD /home/aly/cuh/stmEnv/stm32cubeide_2.1.1/plugins/com.st.stm32cube.ide.mcu.externaltools.gnu-tools-for-stm32.14.3.rel1.linux64_1.0.100.202602081740/tools/bin/../lib/gcc/arm-none-eabi/14.3.1/../../../../arm-none-eabi/lib/thumb/v7-m/nofp/libm.a
LOAD /home/aly/cuh/stmEnv/stm32cubeide_2.1.1/plugins/com.st.stm32cube.ide.mcu.externaltools.gnu-tools-for-stm32.14.3.rel1.linux64_1.0.100.202602081740/tools/bin/../lib/gcc/arm-none-eabi/14.3.1/../../../../arm-none-eabi/lib/thumb/v7-m/nofp/libnosys.a
START GROUP
LOAD /home/aly/cuh/stmEnv/stm32cubeide_2.1.1/plugins/com.st.stm32cube.ide.mcu.externaltools.gnu-tools-for-stm32.14.3.rel1.linux64_1.0.100.202602081740/tools/bin/../lib/gcc/arm-none-eabi/14.3.1/thumb/v7-m/nofp/libgcc.a
LOAD /home/aly/cuh/stmEnv/stm32cubeide_2.1.1/plugins/com.st.stm32cube.ide.mcu.externaltools.gnu-tools-for-stm32.14.3.rel1.linux64_1.0.100.202602081740/tools/bin/../lib/gcc/arm-none-eabi/14.3.1/../../../../arm-none-eabi/lib/thumb/v7-m/nofp/libc_nano.a
END GROUP
START GROUP
LOAD /home/aly/cuh/stmEnv/stm32cubeide_2.1.1/plugins/com.st.stm32cube.ide.mcu.externaltools.gnu-tools-for-stm32.14.3.rel1.linux64_1.0.100.202602081740/tools/bin/../lib/gcc/arm-none-eabi/14.3.1/thumb/v7-m/nofp/libgcc.a
LOAD /home/aly/cuh/stmEnv/stm32cubeide_2.1.1/plugins/com.st.stm32cube.ide.mcu.externaltools.gnu-tools-for-stm32.14.3.rel1.linux64_1.0.100.202602081740/tools/bin/../lib/gcc/arm-none-eabi/14.3.1/../../../../arm-none-eabi/lib/thumb/v7-m/nofp/libc_nano.a
END GROUP
LOAD /home/aly/cuh/stmEnv/stm32cubeide_2.1.1/plugins/com.st.stm32cube.ide.mcu.externaltools.gnu-tools-for-stm32.14.3.rel1.linux64_1.0.100.202602081740/tools/bin/../lib/gcc/arm-none-eabi/14.3.1/thumb/v7-m/nofp/crtend.o
LOAD /home/aly/cuh/stmEnv/stm32cubeide_2.1.1/plugins/com.st.stm32cube.ide.mcu.externaltools.gnu-tools-for-stm32.14.3.rel1.linux64_1.0.100.202602081740/tools/bin/../lib/gcc/arm-none-eabi/14.3.1/thumb/v7-m/nofp/crtn.o
                0x20005000                        _estack = (ORIGIN (RAM) + LENGTH (RAM))
                0x20004c00                        _sstack = (_estack - _Min_Stack_Size)
                0x00000200                        _Min_Heap_Size = 0x200
                0x00000400                        _Min_Stack_Size = 0x400

.isr_vector     0x08000000      0x10c
                0x08000000                        . = ALIGN (0x4)
 *(.isr_vector)
 .isr_vector    0x08000000      0x10c build/startup_stm32f103xb.o
                0x08000000                g_pfnVectors
                0x0800010c                        . = ALIGN (0x4)

.text           0x0800010c     0x3f90
                0x0800010c                        . = ALIGN (0x4)
 *(.text)
 .text          0x0800010c       0x40 /home/aly/cuh/stmEnv/stm32cubeide_2.1.1/plugins/com.st.stm32cube.ide.mcu.externaltools.gnu-tools-for-stm32.14.3.rel1.linux64_1.0.100.202602081740/tools/bin/../lib/gcc/arm-none-eabi/14.3.1/thumb/v7-m/nofp/crtbegin.o
 *(.text*)
 .text.MX_GPIO_Init
                0x0800014c       0x30 build/main.o
 .text.Error_Handler
                0x0800017c        0x4 build/main.o
                0x0800017c                Error_Handler
 .text.MX_TIM1_Init
                0x08000180       0x6c build/main.o
 .text.SystemClock_Config
                0x080001ec       0x84 build/main.o
                0x080001ec                SystemClock_Config
 .text.main     0x08000270       0x84 build/main.o
                0x08000270                main
 .text.NMI_Handler
                0x080002f4        0x2 build/stm32f1xx_it.o
                0x080002f4                NMI_Handler
 .text.HardFault_Handler
                0x080002f6        0x2 build/stm32f1xx_it.o
                0x080002f6                HardFault_Handler
 .text.MemManage_Handler
                0x080002f8        0x2 build/stm32f1xx_it.o
                0x080002f8                MemManage_Handler
 .text.BusFault_Handler
                0x080002fa        0x2 build/stm32f1xx_it.o
                0x080002fa                BusFault_Handler
 .text.UsageFault_Handler
                0x080002fc        0x2 build/stm32f1xx_it.o
                0x080002fc                UsageFault_Handler
 .text.SVC_Handler
                0x080002fe        0x2 build/stm32f1xx_it.o
                0x080002fe                SVC_Handler
 .text.DebugMon_Handler
                0x08000300        0x2 build/stm32f1xx_it.o
                0x08000300                DebugMon_Handler
 .text.PendSV_Handler
                0x08000302        0x2 build/stm32f1xx_it.o
                0x08000302                PendSV_Handler
 .text.SysTick_Handler
                0x08000304        0x8 build/stm32f1xx_it.o
                0x08000304                SysTick_Handler
 .text.USB_LP_CAN1_RX0_IRQHandler
                0x0800030c       0x10 build/stm32f1xx_it.o
                0x0800030c                USB_LP_CAN1_RX0_IRQHandler
 .text.HAL_MspInit
                0x0800031c       0x44 build/stm32f1xx_hal_msp.o
                0x0800031c                HAL_MspInit
 .text.HAL_TIM_Base_MspInit
                0x08000360       0x2c build/stm32f1xx_hal_msp.o
                0x08000360                HAL_TIM_Base_MspInit
 .text.MX_USB_DEVICE_Init
                0x0800038c       0x54 build/usb_device.o
                0x0800038c                MX_USB_DEVICE_Init
 .text.USBD_FS_DeviceDescriptor
                0x080003e0        0xc build/usbd_desc.o
                0x080003e0                USBD_FS_DeviceDescriptor
 .text.USBD_FS_LangIDStrDescriptor
                0x080003ec        0xc build/usbd_desc.o
                0x080003ec                USBD_FS_LangIDStrDescriptor
 .text.IntToUnicode
                0x080003f8       0x44 build/usbd_desc.o
 .text.Get_SerialNum
                0x0800043c       0x38 build/usbd_desc.o
 .text.USBD_FS_SerialStrDescriptor
                0x08000474       0x14 build/usbd_desc.o
                0x08000474                USBD_FS_SerialStrDescriptor
 .text.USBD_FS_ProductStrDescriptor
                0x08000488       0x24 build/usbd_desc.o
                0x08000488                USBD_FS_ProductStrDescriptor
 .text.USBD_FS_ManufacturerStrDescriptor
                0x080004ac       0x1c build/usbd_desc.o
                0x080004ac                USBD_FS_ManufacturerStrDescriptor
 .text.USBD_FS_ConfigStrDescriptor
                0x080004c8       0x24 build/usbd_desc.o
                0x080004c8                USBD_FS_ConfigStrDescriptor
 .text.USBD_FS_InterfaceStrDescriptor
                0x080004ec       0x24 build/usbd_desc.o
                0x080004ec                USBD_FS_InterfaceStrDescriptor
 .text.CDC_DeInit_FS
                0x08000510        0x4 build/usbd_cdc_if.o
 .text.CDC_Control_FS
                0x08000514        0x4 build/usbd_cdc_if.o
 .text.CDC_Receive_FS
                0x08000518       0x1c build/usbd_cdc_if.o
 .text.CDC_Init_FS
                0x08000534       0x28 build/usbd_cdc_if.o
 .text.CDC_Transmit_FS
                0x0800055c       0x2c build/usbd_cdc_if.o
                0x0800055c                CDC_Transmit_FS
 .text.USBD_Get_USB_Status
                0x08000588       0x14 build/usbd_conf.o
 .text.HAL_PCD_MspInit
                0x0800059c       0x3c build/usbd_conf.o
                0x0800059c                HAL_PCD_MspInit
 .text.HAL_PCD_SetupStageCallback
                0x080005d8       0x10 build/usbd_conf.o
                0x080005d8                HAL_PCD_SetupStageCallback
 .text.HAL_PCD_DataOutStageCallback
                0x080005e8       0x18 build/usbd_conf.o
                0x080005e8                HAL_PCD_DataOutStageCallback
 .text.HAL_PCD_DataInStageCallback
                0x08000600       0x16 build/usbd_conf.o
                0x08000600                HAL_PCD_DataInStageCallback
 .text.HAL_PCD_SOFCallback
                0x08000616        0xc build/usbd_conf.o
                0x08000616                HAL_PCD_SOFCallback
 .text.HAL_PCD_ResetCallback
                0x08000622       0x24 build/usbd_conf.o
                0x08000622                HAL_PCD_ResetCallback
 *fill*         0x08000646        0x2 
 .text.HAL_PCD_SuspendCallback
                0x08000648       0x20 build/usbd_conf.o
                0x08000648                HAL_PCD_SuspendCallback
 .text.HAL_PCD_ResumeCallback
                0x08000668        0xc build/usbd_conf.o
                0x08000668                HAL_PCD_ResumeCallback
 .text.USBD_LL_Init
                0x08000674       0x84 build/usbd_conf.o
                0x08000674                USBD_LL_Init
 .text.USBD_LL_Start
                0x080006f8       0x10 build/usbd_conf.o
                0x080006f8                USBD_LL_Start
 .text.USBD_LL_OpenEP
                0x08000708       0x16 build/usbd_conf.o
                0x08000708                USBD_LL_OpenEP
 .text.USBD_LL_CloseEP
                0x0800071e       0x10 build/usbd_conf.o
                0x0800071e                USBD_LL_CloseEP
 .text.USBD_LL_StallEP
                0x0800072e       0x10 build/usbd_conf.o
                0x0800072e                USBD_LL_StallEP
 .text.USBD_LL_ClearStallEP
                0x0800073e       0x10 build/usbd_conf.o
                0x0800073e                USBD_LL_ClearStallEP
 .text.USBD_LL_IsStallEP
                0x0800074e       0x2c build/usbd_conf.o
                0x0800074e                USBD_LL_IsStallEP
 .text.USBD_LL_SetUSBAddress
                0x0800077a       0x10 build/usbd_conf.o
                0x0800077a                USBD_LL_SetUSBAddress
 .text.USBD_LL_Transmit
                0x0800078a       0x10 build/usbd_conf.o
                0x0800078a                USBD_LL_Transmit
 .text.USBD_LL_PrepareReceive
                0x0800079a       0x10 build/usbd_conf.o
                0x0800079a                USBD_LL_PrepareReceive
 .text.USBD_LL_GetRxDataSize
                0x080007aa        0xc build/usbd_conf.o
                0x080007aa                USBD_LL_GetRxDataSize
 *fill*         0x080007b6        0x2 
 .text.USBD_static_malloc
                0x080007b8        0x8 build/usbd_conf.o
                0x080007b8                USBD_static_malloc
 .text.USBD_static_free
                0x080007c0        0x2 build/usbd_conf.o
                0x080007c0                USBD_static_free
 .text.HAL_PCDEx_SetConnectionState
                0x080007c2        0x2 build/usbd_conf.o
                0x080007c2                HAL_PCDEx_SetConnectionState
 .text.HAL_PCD_EP_DB_Receive
                0x080007c4      0x11c build/stm32f1xx_hal_pcd.o
 .text.HAL_PCD_Init
                0x080008e0       0xe8 build/stm32f1xx_hal_pcd.o
                0x080008e0                HAL_PCD_Init
 .text.HAL_PCD_Start
                0x080009c8       0x32 build/stm32f1xx_hal_pcd.o
                0x080009c8                HAL_PCD_Start
 .text.HAL_PCD_EP_DB_Transmit
                0x080009fa      0x424 build/stm32f1xx_hal_pcd.o
 .text.PCD_EP_ISR_Handler
                0x08000e1e      0x554 build/stm32f1xx_hal_pcd.o
 .text.HAL_PCD_SetAddress
                0x08001372       0x26 build/stm32f1xx_hal_pcd.o
                0x08001372                HAL_PCD_SetAddress
 .text.HAL_PCD_IRQHandler
                0x08001398      0x1b0 build/stm32f1xx_hal_pcd.o
                0x08001398                HAL_PCD_IRQHandler
 .text.HAL_PCD_EP_Open
                0x08001548       0x84 build/stm32f1xx_hal_pcd.o
                0x08001548                HAL_PCD_EP_Open
 .text.HAL_PCD_EP_Close
                0x080015cc       0x6c build/stm32f1xx_hal_pcd.o
                0x080015cc                HAL_PCD_EP_Close
 .text.HAL_PCD_EP_Receive
                0x08001638       0x3a build/stm32f1xx_hal_pcd.o
                0x08001638                HAL_PCD_EP_Receive
 .text.HAL_PCD_EP_GetRxCount
                0x08001672       0x12 build/stm32f1xx_hal_pcd.o
                0x08001672                HAL_PCD_EP_GetRxCount
 .text.HAL_PCD_EP_Transmit
                0x08001684       0x4c build/stm32f1xx_hal_pcd.o
                0x08001684                HAL_PCD_EP_Transmit
 .text.HAL_PCD_EP_SetStall
                0x080016d0       0x80 build/stm32f1xx_hal_pcd.o
                0x080016d0                HAL_PCD_EP_SetStall
 .text.HAL_PCD_EP_ClrStall
                0x08001750       0x7e build/stm32f1xx_hal_pcd.o
                0x08001750                HAL_PCD_EP_ClrStall
 .text.HAL_PCDEx_PMAConfig
                0x080017ce       0x38 build/stm32f1xx_hal_pcd_ex.o
                0x080017ce                HAL_PCDEx_PMAConfig
 .text.USB_CoreInit
                0x08001806        0xe build/stm32f1xx_ll_usb.o
                0x08001806                USB_CoreInit
 .text.USB_EnableGlobalInt
                0x08001814       0x12 build/stm32f1xx_ll_usb.o
                0x08001814                USB_EnableGlobalInt
 .text.USB_DisableGlobalInt
                0x08001826       0x14 build/stm32f1xx_ll_usb.o
                0x08001826                USB_DisableGlobalInt
 .text.USB_SetCurrentMode
                0x0800183a        0x4 build/stm32f1xx_ll_usb.o
                0x0800183a                USB_SetCurrentMode
 .text.USB_DevInit
                0x0800183e       0x22 build/stm32f1xx_ll_usb.o
                0x0800183e                USB_DevInit
 .text.USB_ActivateEndpoint
                0x08001860      0x3ca build/stm32f1xx_ll_usb.o
                0x08001860                USB_ActivateEndpoint
 .text.USB_DeactivateEndpoint
                0x08001c2a      0x1d6 build/stm32f1xx_ll_usb.o
                0x08001c2a                USB_DeactivateEndpoint
 .text.USB_EPSetStall
                0x08001e00       0x4a build/stm32f1xx_ll_usb.o
                0x08001e00                USB_EPSetStall
 .text.USB_EPClearStall
                0x08001e4a       0xa2 build/stm32f1xx_ll_usb.o
                0x08001e4a                USB_EPClearStall
 .text.USB_SetDevAddress
                0x08001eec        0xc build/stm32f1xx_ll_usb.o
                0x08001eec                USB_SetDevAddress
 .text.USB_DevConnect
                0x08001ef8        0x4 build/stm32f1xx_ll_usb.o
                0x08001ef8                USB_DevConnect
 .text.USB_DevDisconnect
                0x08001efc        0x4 build/stm32f1xx_ll_usb.o
                0x08001efc                USB_DevDisconnect
 .text.USB_ReadInterrupts
                0x08001f00        0x8 build/stm32f1xx_ll_usb.o
                0x08001f00                USB_ReadInterrupts
 .text.USB_EP0_OutStart
                0x08001f08        0x4 build/stm32f1xx_ll_usb.o
                0x08001f08                USB_EP0_OutStart
 .text.USB_WritePMA
                0x08001f0c       0x26 build/stm32f1xx_ll_usb.o
                0x08001f0c                USB_WritePMA
 .text.USB_EPStartXfer
                0x08001f32      0x7d6 build/stm32f1xx_ll_usb.o
                0x08001f32                USB_EPStartXfer
 .text.USB_ReadPMA
                0x08002708       0x30 build/stm32f1xx_ll_usb.o
                0x08002708                USB_ReadPMA
 .text.HAL_InitTick
                0x08002738       0x4c build/stm32f1xx_hal.o
                0x08002738                HAL_InitTick
 .text.HAL_Init
                0x08002784       0x24 build/stm32f1xx_hal.o
                0x08002784                HAL_Init
 .text.HAL_IncTick
                0x080027a8       0x18 build/stm32f1xx_hal.o
                0x080027a8                HAL_IncTick
 .text.HAL_GetTick
                0x080027c0        0xc build/stm32f1xx_hal.o
                0x080027c0                HAL_GetTick
 .text.HAL_Delay
                0x080027cc       0x28 build/stm32f1xx_hal.o
                0x080027cc                HAL_Delay
 .text.RCC_Delay
                0x080027f4       0x2c build/stm32f1xx_hal_rcc.o
 .text.HAL_RCC_OscConfig
                0x08002820      0x410 build/stm32f1xx_hal_rcc.o
                0x08002820                HAL_RCC_OscConfig
 .text.HAL_RCC_GetSysClockFreq
                0x08002c30       0x54 build/stm32f1xx_hal_rcc.o
                0x08002c30                HAL_RCC_GetSysClockFreq
 .text.HAL_RCC_ClockConfig
                0x08002c84      0x16c build/stm32f1xx_hal_rcc.o
                0x08002c84                HAL_RCC_ClockConfig
 .text.HAL_RCCEx_PeriphCLKConfig
                0x08002df0      0x118 build/stm32f1xx_hal_rcc_ex.o
                0x08002df0                HAL_RCCEx_PeriphCLKConfig
 .text.__NVIC_SetPriority
                0x08002f08       0x28 build/stm32f1xx_hal_cortex.o
 .text.NVIC_EncodePriority
                0x08002f30       0x3c build/stm32f1xx_hal_cortex.o
 .text.HAL_NVIC_SetPriorityGrouping
                0x08002f6c       0x24 build/stm32f1xx_hal_cortex.o
                0x08002f6c                HAL_NVIC_SetPriorityGrouping
 .text.HAL_NVIC_SetPriority
                0x08002f90       0x20 build/stm32f1xx_hal_cortex.o
                0x08002f90                HAL_NVIC_SetPriority
 .text.HAL_NVIC_EnableIRQ
                0x08002fb0       0x1c build/stm32f1xx_hal_cortex.o
                0x08002fb0                HAL_NVIC_EnableIRQ
 .text.HAL_SYSTICK_Config
                0x08002fcc       0x28 build/stm32f1xx_hal_cortex.o
                0x08002fcc                HAL_SYSTICK_Config
 .text.TIM_TI1_ConfigInputStage
                0x08002ff4       0x24 build/stm32f1xx_hal_tim.o
 .text.TIM_TI2_ConfigInputStage
                0x08003018       0x26 build/stm32f1xx_hal_tim.o
 *fill*         0x0800303e        0x2 
 .text.HAL_TIM_Base_Start_IT
                0x08003040       0x64 build/stm32f1xx_hal_tim.o
                0x08003040                HAL_TIM_Base_Start_IT
 .text.TIM_Base_SetConfig
                0x080030a4       0x84 build/stm32f1xx_hal_tim.o
                0x080030a4                TIM_Base_SetConfig
 .text.HAL_TIM_Base_Init
                0x08003128       0x58 build/stm32f1xx_hal_tim.o
                0x08003128                HAL_TIM_Base_Init
 .text.TIM_ETR_SetConfig
                0x08003180       0x18 build/stm32f1xx_hal_tim.o
                0x08003180                TIM_ETR_SetConfig
 .text.TIM_SlaveTimer_SetConfig
                0x08003198       0xb8 build/stm32f1xx_hal_tim.o
 .text.HAL_TIM_SlaveConfigSynchro
                0x08003250       0x52 build/stm32f1xx_hal_tim.o
                0x08003250                HAL_TIM_SlaveConfigSynchro
 *fill*         0x080032a2        0x2 
 .text.HAL_TIMEx_MasterConfigSynchronization
                0x080032a4       0x6c build/stm32f1xx_hal_tim_ex.o
                0x080032a4                HAL_TIMEx_MasterConfigSynchronization
 .text.SystemInit
                0x08003310        0x2 build/system_stm32f1xx.o
                0x08003310                SystemInit
 .text.USBD_Init
                0x08003312       0x2e build/usbd_core.o
                0x08003312                USBD_Init
 .text.USBD_RegisterClass
                0x08003340        0xe build/usbd_core.o
                0x08003340                USBD_RegisterClass
 .text.USBD_Start
                0x0800334e        0xa build/usbd_core.o
                0x0800334e                USBD_Start
 .text.USBD_SetClassConfig
                0x08003358       0x18 build/usbd_core.o
                0x08003358                USBD_SetClassConfig
 .text.USBD_ClrClassConfig
                0x08003370        0xe build/usbd_core.o
                0x08003370                USBD_ClrClassConfig
 .text.USBD_LL_SetupStage
                0x0800337e       0x5a build/usbd_core.o
                0x0800337e                USBD_LL_SetupStage
 .text.USBD_LL_DataOutStage
                0x080033d8       0x8c build/usbd_core.o
                0x080033d8                USBD_LL_DataOutStage
 .text.USBD_LL_DataInStage
                0x08003464       0xd0 build/usbd_core.o
                0x08003464                USBD_LL_DataInStage
 .text.USBD_LL_Reset
                0x08003534       0x50 build/usbd_core.o
                0x08003534                USBD_LL_Reset
 .text.USBD_LL_SetSpeed
                0x08003584        0x6 build/usbd_core.o
                0x08003584                USBD_LL_SetSpeed
 .text.USBD_LL_Suspend
                0x0800358a       0x12 build/usbd_core.o
                0x0800358a                USBD_LL_Suspend
 .text.USBD_LL_Resume
                0x0800359c       0x16 build/usbd_core.o
                0x0800359c                USBD_LL_Resume
 .text.USBD_LL_SOF
                0x080035b2       0x1c build/usbd_core.o
                0x080035b2                USBD_LL_SOF
 .text.USBD_GetLen
                0x080035ce       0x14 build/usbd_ctlreq.o
 .text.USBD_SetFeature
                0x080035e2       0x14 build/usbd_ctlreq.o
 .text.USBD_ParseSetupRequest
                0x080035f6       0x28 build/usbd_ctlreq.o
                0x080035f6                USBD_ParseSetupRequest
 .text.USBD_CtlError
                0x0800361e       0x14 build/usbd_ctlreq.o
                0x0800361e                USBD_CtlError
 .text.USBD_GetDescriptor
                0x08003632      0x186 build/usbd_ctlreq.o
 .text.USBD_SetAddress
                0x080037b8       0x4e build/usbd_ctlreq.o
 *fill*         0x08003806        0x2 
 .text.USBD_SetConfig
                0x08003808       0xb0 build/usbd_ctlreq.o
 .text.USBD_GetConfig
                0x080038b8       0x3e build/usbd_ctlreq.o
 .text.USBD_GetStatus
                0x080038f6       0x38 build/usbd_ctlreq.o
 .text.USBD_ClrFeature
                0x0800392e       0x26 build/usbd_ctlreq.o
 .text.USBD_StdDevReq
                0x08003954       0x68 build/usbd_ctlreq.o
                0x08003954                USBD_StdDevReq
 .text.USBD_StdItfReq
                0x080039bc       0x60 build/usbd_ctlreq.o
                0x080039bc                USBD_StdItfReq
 .text.USBD_StdEPReq
                0x08003a1c      0x1e2 build/usbd_ctlreq.o
                0x08003a1c                USBD_StdEPReq
 .text.USBD_GetString
                0x08003bfe       0x3a build/usbd_ctlreq.o
                0x08003bfe                USBD_GetString
 .text.USBD_CtlSendData
                0x08003c38       0x1a build/usbd_ioreq.o
                0x08003c38                USBD_CtlSendData
 .text.USBD_CtlContinueSendData
                0x08003c52       0x10 build/usbd_ioreq.o
                0x08003c52                USBD_CtlContinueSendData
 .text.USBD_CtlPrepareRx
                0x08003c62       0x1e build/usbd_ioreq.o
                0x08003c62                USBD_CtlPrepareRx
 .text.USBD_CtlContinueRx
                0x08003c80       0x10 build/usbd_ioreq.o
                0x08003c80                USBD_CtlContinueRx
 .text.USBD_CtlSendStatus
                0x08003c90       0x16 build/usbd_ioreq.o
                0x08003c90                USBD_CtlSendStatus
 .text.USBD_CtlReceiveStatus
                0x08003ca6       0x16 build/usbd_ioreq.o
                0x08003ca6                USBD_CtlReceiveStatus
 .text.USBD_CDC_EP0_RxReady
                0x08003cbc       0x28 build/usbd_cdc.o
 .text.USBD_CDC_GetFSCfgDesc
                0x08003ce4        0xc build/usbd_cdc.o
 .text.USBD_CDC_GetHSCfgDesc
                0x08003cf0        0xc build/usbd_cdc.o
 .text.USBD_CDC_GetOtherSpeedCfgDesc
                0x08003cfc        0xc build/usbd_cdc.o
 .text.USBD_CDC_GetDeviceQualifierDescriptor
                0x08003d08        0xc build/usbd_cdc.o
                0x08003d08                USBD_CDC_GetDeviceQualifierDescriptor
 .text.USBD_CDC_DataOut
                0x08003d14       0x2e build/usbd_cdc.o
 .text.USBD_CDC_DataIn
                0x08003d42       0x4e build/usbd_cdc.o
 .text.USBD_CDC_Setup
                0x08003d90       0xd6 build/usbd_cdc.o
 .text.USBD_CDC_DeInit
                0x08003e66       0x42 build/usbd_cdc.o
 .text.USBD_CDC_Init
                0x08003ea8       0xaa build/usbd_cdc.o
 .text.USBD_CDC_RegisterInterface
                0x08003f52        0xe build/usbd_cdc.o
                0x08003f52                USBD_CDC_RegisterInterface
 .text.USBD_CDC_SetTxBuffer
                0x08003f60       0x10 build/usbd_cdc.o
                0x08003f60                USBD_CDC_SetTxBuffer
 .text.USBD_CDC_SetRxBuffer
                0x08003f70        0xc build/usbd_cdc.o
                0x08003f70                USBD_CDC_SetRxBuffer
 .text.USBD_CDC_TransmitPacket
                0x08003f7c       0x32 build/usbd_cdc.o
                0x08003f7c                USBD_CDC_TransmitPacket
 .text.USBD_CDC_ReceivePacket
                0x08003fae       0x30 build/usbd_cdc.o
                0x08003fae                USBD_CDC_ReceivePacket
 *fill*         0x08003fde        0x2 
 .text.Reset_Handler
                0x08003fe0       0x48 build/startup_stm32f103xb.o
                0x08003fe0                Reset_Handler
 .text.Default_Handler
                0x08004028        0x2 build/startup_stm32f103xb.o
                0x08004028                RTC_Alarm_IRQHandler
                0x08004028                EXTI2_IRQHandler
                0x08004028                TIM1_CC_IRQHandler
                0x08004028                PVD_IRQHandler
                0x08004028                EXTI3_IRQHandler
                0x08004028                EXTI0_IRQHandler
                0x08004028                I2C2_EV_IRQHandler
                0x08004028                ADC1_2_IRQHandler
                0x08004028                SPI1_IRQHandler
                0x08004028                TAMPER_IRQHandler
                0x08004028                DMA1_Channel4_IRQHandler
                0x08004028                USART3_IRQHandler
                0x08004028                RTC_IRQHandler
                0x08004028                DMA1_Channel7_IRQHandler
                0x08004028                CAN1_RX1_IRQHandler
                0x08004028                TIM4_IRQHandler
                0x08004028                I2C1_EV_IRQHandler
                0x08004028                DMA1_Channel6_IRQHandler
                0x08004028                TIM3_IRQHandler
                0x08004028                RCC_IRQHandler
                0x08004028                TIM1_TRG_COM_IRQHandler
                0x08004028                DMA1_Channel1_IRQHandler
                0x08004028                Default_Handler
                0x08004028                EXTI15_10_IRQHandler
                0x08004028                EXTI9_5_IRQHandler
                0x08004028                SPI2_IRQHandler
                0x08004028                DMA1_Channel5_IRQHandler
                0x08004028                EXTI4_IRQHandler
                0x08004028                USB_HP_CAN1_TX_IRQHandler
                0x08004028                DMA1_Channel3_IRQHandler
                0x08004028                TIM1_UP_IRQHandler
                0x08004028                WWDG_IRQHandler
                0x08004028                TIM2_IRQHandler
                0x08004028                TIM1_BRK_IRQHandler
                0x08004028                EXTI1_IRQHandler
                0x08004028                USART2_IRQHandler
                0x08004028                I2C2_ER_IRQHandler
                0x08004028                DMA1_Channel2_IRQHandler
                0x08004028                CAN1_SCE_IRQHandler
                0x08004028                FLASH_IRQHandler
                0x08004028                USART1_IRQHandler
                0x08004028                I2C1_ER_IRQHandler
                0x08004028                USBWakeUp_IRQHandler
 .text.memset   0x0800402a       0x10 /home/aly/cuh/stmEnv/stm32cubeide_2.1.1/plugins/com.st.stm32cube.ide.mcu.externaltools.gnu-tools-for-stm32.14.3.rel1.linux64_1.0.100.202602081740/tools/bin/../lib/gcc/arm-none-eabi/14.3.1/../../../../arm-none-eabi/lib/thumb/v7-m/nofp/libc_nano.a(libc_a-memset.o)
                0x0800402a                memset
 *fill*         0x0800403a        0x2 
 .text.__libc_init_array
                0x0800403c       0x48 /home/aly/cuh/stmEnv/stm32cubeide_2.1.1/plugins/com.st.stm32cube.ide.mcu.externaltools.gnu-tools-for-stm32.14.3.rel1.linux64_1.0.100.202602081740/tools/bin/../lib/gcc/arm-none-eabi/14.3.1/../../../../arm-none-eabi/lib/thumb/v7-m/nofp/libc_nano.a(libc_a-init.o)
                0x0800403c                __libc_init_array
 *(.glue_7)
 .glue_7        0x08004084        0x0 linker stubs
 *(.glue_7t)
 .glue_7t       0x08004084        0x0 linker stubs
 *(.eh_frame)
 .eh_frame      0x08004084        0x0 /home/aly/cuh/stmEnv/stm32cubeide_2.1.1/plugins/com.st.stm32cube.ide.mcu.externaltools.gnu-tools-for-stm32.14.3.rel1.linux64_1.0.100.202602081740/tools/bin/../lib/gcc/arm-none-eabi/14.3.1/thumb/v7-m/nofp/crtbegin.o
 *(.init)
 .init          0x08004084        0x4 /home/aly/cuh/stmEnv/stm32cubeide_2.1.1/plugins/com.st.stm32cube.ide.mcu.externaltools.gnu-tools-for-stm32.14.3.rel1.linux64_1.0.100.202602081740/tools/bin/../lib/gcc/arm-none-eabi/14.3.1/thumb/v7-m/nofp/crti.o
                0x08004084                _init
 .init          0x08004088        0x8 /home/aly/cuh/stmEnv/stm32cubeide_2.1.1/plugins/com.st.stm32cube.ide.mcu.externaltools.gnu-tools-for-stm32.14.3.rel1.linux64_1.0.100.202602081740/tools/bin/../lib/gcc/arm-none-eabi/14.3.1/thumb/v7-m/nofp/crtn.o
 *(.fini)
 .fini          0x08004090        0x4 /home/aly/cuh/stmEnv/stm32cubeide_2.1.1/plugins/com.st.stm32cube.ide.mcu.externaltools.gnu-tools-for-stm32.14.3.rel1.linux64_1.0.100.202602081740/tools/bin/../lib/gcc/arm-none-eabi/14.3.1/thumb/v7-m/nofp/crti.o
                0x08004090                _fini
 .fini          0x08004094        0x8 /home/aly/cuh/stmEnv/stm32cubeide_2.1.1/plugins/com.st.stm32cube.ide.mcu.externaltools.gnu-tools-for-stm32.14.3.rel1.linux64_1.0.100.202602081740/tools/bin/../lib/gcc/arm-none-eabi/14.3.1/thumb/v7-m/nofp/crtn.o
                0x0800409c                        . = ALIGN (0x4)
                0x0800409c                        _etext = .

.vfp11_veneer   0x0800409c        0x0
 .vfp11_veneer  0x0800409c        0x0 linker stubs

.v4_bx          0x0800409c        0x0
 .v4_bx         0x0800409c        0x0 linker stubs

.iplt           0x0800409c        0x0
 .iplt          0x0800409c        0x0 /home/aly/cuh/stmEnv/stm32cubeide_2.1.1/plugins/com.st.stm32cube.ide.mcu.externaltools.gnu-tools-for-stm32.14.3.rel1.linux64_1.0.100.202602081740/tools/bin/../lib/gcc/arm-none-eabi/14.3.1/thumb/v7-m/nofp/crtbegin.o

.rodata         0x0800409c       0x94
                0x0800409c                        . = ALIGN (0x4)
 *(.rodata)
 *(.rodata*)
 .rodata.main.str1.4
                0x0800409c       0x6e build/main.o
                                  0x9 (size before relaxing)
 .rodata.str1.4
                0x0800410a       0x1b build/main.o
 .rodata.USBD_FS_ProductStrDescriptor.str1.4
                0x0800410a       0x16 build/usbd_desc.o
 .rodata.USBD_FS_ManufacturerStrDescriptor.str1.4
                0x0800410a       0x13 build/usbd_desc.o
 .rodata.USBD_FS_ConfigStrDescriptor.str1.4
                0x0800410a        0xb build/usbd_desc.o
 .rodata.USBD_FS_InterfaceStrDescriptor.str1.4
                0x0800410a        0xe build/usbd_desc.o
 *fill*         0x0800410a        0x2 
 .rodata.aPredivFactorTable.0
                0x0800410c        0x2 build/stm32f1xx_hal_rcc.o
 *fill*         0x0800410e        0x2 
 .rodata.aPLLMULFactorTable.1
                0x08004110       0x10 build/stm32f1xx_hal_rcc.o
 .rodata.AHBPrescTable
                0x08004120       0x10 build/system_stm32f1xx.o
                0x08004120                AHBPrescTable
                0x08004130                        . = ALIGN (0x4)

.ARM.extab      0x08004130        0x0
                0x08004130                        . = ALIGN (0x4)
 *(.ARM.extab* .gnu.linkonce.armextab.*)
                0x08004130                        . = ALIGN (0x4)

.ARM            0x08004130        0x0
                0x08004130                        . = ALIGN (0x4)
                0x08004130                        __exidx_start = .
 *(.ARM.exidx*)
                0x08004130                        __exidx_end = .
                0x08004130                        . = ALIGN (0x4)

.preinit_array  0x08004130        0x0
                0x08004130                        . = ALIGN (0x4)
                0x08004130                        PROVIDE (__preinit_array_start = .)
 *(.preinit_array*)
                0x08004130                        PROVIDE (__preinit_array_end = .)
                0x08004130                        . = ALIGN (0x4)

.init_array     0x08004130        0x4
                0x08004130                        . = ALIGN (0x4)
                0x08004130                        PROVIDE (__init_array_start = .)
 *(SORT_BY_NAME(.init_array.*))
 *(.init_array*)
 .init_array    0x08004130        0x4 /home/aly/cuh/stmEnv/stm32cubeide_2.1.1/plugins/com.st.stm32cube.ide.mcu.externaltools.gnu-tools-for-stm32.14.3.rel1.linux64_1.0.100.202602081740/tools/bin/../lib/gcc/arm-none-eabi/14.3.1/thumb/v7-m/nofp/crtbegin.o
                0x08004134                        PROVIDE (__init_array_end = .)
                0x08004134                        . = ALIGN (0x4)

.fini_array     0x08004134        0x4
                0x08004134                        . = ALIGN (0x4)
                [!provide]                        PROVIDE (__fini_array_start = .)
 *(SORT_BY_NAME(.fini_array.*))
 *(.fini_array*)
 .fini_array    0x08004134        0x4 /home/aly/cuh/stmEnv/stm32cubeide_2.1.1/plugins/com.st.stm32cube.ide.mcu.externaltools.gnu-tools-for-stm32.14.3.rel1.linux64_1.0.100.202602081740/tools/bin/../lib/gcc/arm-none-eabi/14.3.1/thumb/v7-m/nofp/crtbegin.o
                [!provide]                        PROVIDE (__fini_array_end = .)
                0x08004138                        . = ALIGN (0x4)
                0x08004138                        _sidata = LOADADDR (.data)

.rel.dyn        0x08004138        0x0
 .rel.iplt      0x08004138        0x0 /home/aly/cuh/stmEnv/stm32cubeide_2.1.1/plugins/com.st.stm32cube.ide.mcu.externaltools.gnu-tools-for-stm32.14.3.rel1.linux64_1.0.100.202602081740/tools/bin/../lib/gcc/arm-none-eabi/14.3.1/thumb/v7-m/nofp/crtbegin.o

.data           0x20000000      0x180 load address 0x08004138
                0x20000000                        . = ALIGN (0x4)
                0x20000000                        _sdata = .
 *(.data)
 *(.data*)
 .data.string   0x20000000        0x4 build/main.o
                0x20000000                string
 .data.USBD_StringSerial
                0x20000004       0x1a build/usbd_desc.o
                0x20000004                USBD_StringSerial
 *fill*         0x2000001e        0x2 
 .data.USBD_LangIDDesc
                0x20000020        0x4 build/usbd_desc.o
                0x20000020                USBD_LangIDDesc
 .data.USBD_FS_DeviceDesc
                0x20000024       0x12 build/usbd_desc.o
                0x20000024                USBD_FS_DeviceDesc
 *fill*         0x20000036        0x2 
 .data.FS_Desc  0x20000038       0x1c build/usbd_desc.o
                0x20000038                FS_Desc
 .data.USBD_Interface_fops_FS
                0x20000054       0x10 build/usbd_cdc_if.o
                0x20000054                USBD_Interface_fops_FS
 .data.uwTickFreq
                0x20000064        0x1 build/stm32f1xx_hal.o
                0x20000064                uwTickFreq
 *fill*         0x20000065        0x3 
 .data.uwTickPrio
                0x20000068        0x4 build/stm32f1xx_hal.o
                0x20000068                uwTickPrio
 .data.SystemCoreClock
                0x2000006c        0x4 build/system_stm32f1xx.o
                0x2000006c                SystemCoreClock
 .data.USBD_CDC_OtherSpeedCfgDesc
                0x20000070       0x43 build/usbd_cdc.o
                0x20000070                USBD_CDC_OtherSpeedCfgDesc
 *fill*         0x200000b3        0x1 
 .data.USBD_CDC_CfgFSDesc
                0x200000b4       0x43 build/usbd_cdc.o
                0x200000b4                USBD_CDC_CfgFSDesc
 *fill*         0x200000f7        0x1 
 .data.USBD_CDC_CfgHSDesc
                0x200000f8       0x43 build/usbd_cdc.o
                0x200000f8                USBD_CDC_CfgHSDesc
 *fill*         0x2000013b        0x1 
 .data.USBD_CDC
                0x2000013c       0x38 build/usbd_cdc.o
                0x2000013c                USBD_CDC
 .data.USBD_CDC_DeviceQualifierDesc
                0x20000174        0xa build/usbd_cdc.o
 *(.RamFunc)
 *(.RamFunc*)
                0x20000180                        . = ALIGN (0x4)
 *fill*         0x2000017e        0x2 
                0x20000180                        _edata = .

.igot.plt       0x20000180        0x0 load address 0x080042b8
 .igot.plt      0x20000180        0x0 /home/aly/cuh/stmEnv/stm32cubeide_2.1.1/plugins/com.st.stm32cube.ide.mcu.externaltools.gnu-tools-for-stm32.14.3.rel1.linux64_1.0.100.202602081740/tools/bin/../lib/gcc/arm-none-eabi/14.3.1/thumb/v7-m/nofp/crtbegin.o
                0x20000180                        . = ALIGN (0x4)

.bss            0x20000180     0x1230 load address 0x080042b8
                0x20000180                        _sbss = .
                0x20000180                        __bss_start__ = _sbss
 *(.bss)
 .bss           0x20000180       0x1c /home/aly/cuh/stmEnv/stm32cubeide_2.1.1/plugins/com.st.stm32cube.ide.mcu.externaltools.gnu-tools-for-stm32.14.3.rel1.linux64_1.0.100.202602081740/tools/bin/../lib/gcc/arm-none-eabi/14.3.1/thumb/v7-m/nofp/crtbegin.o
 *(.bss*)
 .bss.i         0x2000019c        0x4 build/main.o
                0x2000019c                i
 .bss.string_finished
                0x200001a0        0x4 build/main.o
                0x200001a0                string_finished
 .bss.htim1     0x200001a4       0x48 build/main.o
                0x200001a4                htim1
 .bss.hUsbDeviceFS
                0x200001ec      0x2c4 build/usb_device.o
                0x200001ec                hUsbDeviceFS
 .bss.USBD_StrDesc
                0x200004b0      0x200 build/usbd_desc.o
                0x200004b0                USBD_StrDesc
 .bss.UserTxBufferFS
                0x200006b0      0x400 build/usbd_cdc_if.o
                0x200006b0                UserTxBufferFS
 .bss.UserRxBufferFS
                0x20000ab0      0x400 build/usbd_cdc_if.o
                0x20000ab0                UserRxBufferFS
 .bss.mem.0     0x20000eb0      0x220 build/usbd_conf.o
 .bss.hpcd_USB_FS
                0x200010d0      0x2d8 build/usbd_conf.o
                0x200010d0                hpcd_USB_FS
 .bss.uwTick    0x200013a8        0x4 build/stm32f1xx_hal.o
                0x200013a8                uwTick
 .bss.cfgidx.0  0x200013ac        0x1 build/usbd_ctlreq.o
 *(COMMON)
                0x200013b0                        . = ALIGN (0x4)
 *fill*         0x200013ad        0x3 
                0x200013b0                        _ebss = .
                0x200013b0                        __bss_end__ = _ebss

._user_heap_stack
                0x200013b0      0x600 load address 0x080042b8
                0x200013b0                        . = ALIGN (0x8)
                [!provide]                        PROVIDE (end = .)
                0x200013b0                        PROVIDE (_end = .)
                0x200015b0                        . = (. + _Min_Heap_Size)
 *fill*         0x200013b0      0x200 
                0x200019b0                        . = (. + _Min_Stack_Size)
 *fill*         0x200015b0      0x400 
                0x200019b0                        . = ALIGN (0x8)

/DISCARD/
 libc.a(*)
 libm.a(*)
 libgcc.a(*)
OUTPUT(build/stm.elf elf32-littlearm)
LOAD linker stubs
LOAD /home/aly/cuh/stmEnv/stm32cubeide_2.1.1/plugins/com.st.stm32cube.ide.mcu.externaltools.gnu-tools-for-stm32.14.3.rel1.linux64_1.0.100.202602081740/tools/bin/../lib/gcc/arm-none-eabi/14.3.1/../../../../arm-none-eabi/lib/thumb/v7-m/nofp/libc.a
LOAD /home/aly/cuh/stmEnv/stm32cubeide_2.1.1/plugins/com.st.stm32cube.ide.mcu.externaltools.gnu-tools-for-stm32.14.3.rel1.linux64_1.0.100.202602081740/tools/bin/../lib/gcc/arm-none-eabi/14.3.1/../../../../arm-none-eabi/lib/thumb/v7-m/nofp/libm.a
LOAD /home/aly/cuh/stmEnv/stm32cubeide_2.1.1/plugins/com.st.stm32cube.ide.mcu.externaltools.gnu-tools-for-stm32.14.3.rel1.linux64_1.0.100.202602081740/tools/bin/../lib/gcc/arm-none-eabi/14.3.1/thumb/v7-m/nofp/libgcc.a

.ARM.attributes
                0x00000000       0x29
 .ARM.attributes
                0x00000000       0x1d /home/aly/cuh/stmEnv/stm32cubeide_2.1.1/plugins/com.st.stm32cube.ide.mcu.externaltools.gnu-tools-for-stm32.14.3.rel1.linux64_1.0.100.202602081740/tools/bin/../lib/gcc/arm-none-eabi/14.3.1/thumb/v7-m/nofp/crti.o
 .ARM.attributes
                0x0000001d       0x2d /home/aly/cuh/stmEnv/stm32cubeide_2.1.1/plugins/com.st.stm32cube.ide.mcu.externaltools.gnu-tools-for-stm32.14.3.rel1.linux64_1.0.100.202602081740/tools/bin/../lib/gcc/arm-none-eabi/14.3.1/thumb/v7-m/nofp/crtbegin.o
 .ARM.attributes
                0x0000004a       0x2d build/main.o
 .ARM.attributes
                0x00000077       0x2d build/stm32f1xx_it.o
 .ARM.attributes
                0x000000a4       0x2d build/stm32f1xx_hal_msp.o
 .ARM.attributes
                0x000000d1       0x2d build/usb_device.o
 .ARM.attributes
                0x000000fe       0x2d build/usbd_desc.o
 .ARM.attributes
                0x0000012b       0x2d build/usbd_cdc_if.o
 .ARM.attributes
                0x00000158       0x2d build/usbd_conf.o
 .ARM.attributes
                0x00000185       0x2d build/stm32f1xx_hal_pcd.o
 .ARM.attributes
                0x000001b2       0x2d build/stm32f1xx_hal_pcd_ex.o
 .ARM.attributes
                0x000001df       0x2d build/stm32f1xx_ll_usb.o
 .ARM.attributes
                0x0000020c       0x2d build/stm32f1xx_hal.o
 .ARM.attributes
                0x00000239       0x2d build/stm32f1xx_hal_rcc.o
 .ARM.attributes
                0x00000266       0x2d build/stm32f1xx_hal_rcc_ex.o
 .ARM.attributes
                0x00000293       0x2d build/stm32f1xx_hal_cortex.o
 .ARM.attributes
                0x000002c0       0x2d build/stm32f1xx_hal_tim.o
 .ARM.attributes
                0x000002ed       0x2d build/stm32f1xx_hal_tim_ex.o
 .ARM.attributes
                0x0000031a       0x2d build/system_stm32f1xx.o
 .ARM.attributes
                0x00000347       0x2d build/usbd_core.o
 .ARM.attributes
                0x00000374       0x2d build/usbd_ctlreq.o
 .ARM.attributes
                0x000003a1       0x2d build/usbd_ioreq.o
 .ARM.attributes
                0x000003ce       0x2d build/usbd_cdc.o
 .ARM.attributes
                0x000003fb       0x21 build/startup_stm32f103xb.o
 .ARM.attributes
                0x0000041c       0x2d /home/aly/cuh/stmEnv/stm32cubeide_2.1.1/plugins/com.st.stm32cube.ide.mcu.externaltools.gnu-tools-for-stm32.14.3.rel1.linux64_1.0.100.202602081740/tools/bin/../lib/gcc/arm-none-eabi/14.3.1/../../../../arm-none-eabi/lib/thumb/v7-m/nofp/libc_nano.a(libc_a-memset.o)
 .ARM.attributes
                0x00000449       0x2d /home/aly/cuh/stmEnv/stm32cubeide_2.1.1/plugins/com.st.stm32cube.ide.mcu.externaltools.gnu-tools-for-stm32.14.3.rel1.linux64_1.0.100.202602081740/tools/bin/../lib/gcc/arm-none-eabi/14.3.1/../../../../arm-none-eabi/lib/thumb/v7-m/nofp/libc_nano.a(libc_a-init.o)
 .ARM.attributes
                0x00000476       0x1d /home/aly/cuh/stmEnv/stm32cubeide_2.1.1/plugins/com.st.stm32cube.ide.mcu.externaltools.gnu-tools-for-stm32.14.3.rel1.linux64_1.0.100.202602081740/tools/bin/../lib/gcc/arm-none-eabi/14.3.1/thumb/v7-m/nofp/crtn.o

.comment        0x00000000       0x43
 .comment       0x00000000       0x43 build/main.o
                                 0x44 (size before relaxing)
 .comment       0x00000043       0x44 build/stm32f1xx_it.o
 .comment       0x00000043       0x44 build/stm32f1xx_hal_msp.o
 .comment       0x00000043       0x44 build/usb_device.o
 .comment       0x00000043       0x44 build/usbd_desc.o
 .comment       0x00000043       0x44 build/usbd_cdc_if.o
 .comment       0x00000043       0x44 build/usbd_conf.o
 .comment       0x00000043       0x44 build/stm32f1xx_hal_pcd.o
 .comment       0x00000043       0x44 build/stm32f1xx_hal_pcd_ex.o
 .comment       0x00000043       0x44 build/stm32f1xx_ll_usb.o
 .comment       0x00000043       0x44 build/stm32f1xx_hal.o
 .comment       0x00000043       0x44 build/stm32f1xx_hal_rcc.o
 .comment       0x00000043       0x44 build/stm32f1xx_hal_rcc_ex.o
 .comment       0x00000043       0x44 build/stm32f1xx_hal_cortex.o
 .comment       0x00000043       0x44 build/stm32f1xx_hal_tim.o
 .comment       0x00000043       0x44 build/stm32f1xx_hal_tim_ex.o
 .comment       0x00000043       0x44 build/system_stm32f1xx.o
 .comment       0x00000043       0x44 build/usbd_core.o
 .comment       0x00000043       0x44 build/usbd_ctlreq.o
 .comment       0x00000043       0x44 build/usbd_ioreq.o
 .comment       0x00000043       0x44 build/usbd_cdc.o

.debug_info     0x00000000    0x1635c
 .debug_info    0x00000000      0xf03 build/main.o
 .debug_info    0x00000f03      0x72c build/stm32f1xx_it.o
 .debug_info    0x0000162f      0x89e build/stm32f1xx_hal_msp.o
 .debug_info    0x00001ecd      0x792 build/usb_device.o
 .debug_info    0x0000265f      0x654 build/usbd_desc.o
 .debug_info    0x00002cb3      0x996 build/usbd_cdc_if.o
 .debug_info    0x00003649     0x2061 build/usbd_conf.o
 .debug_info    0x000056aa     0x1f87 build/stm32f1xx_hal_pcd.o
 .debug_info    0x00007631      0x7c8 build/stm32f1xx_hal_pcd_ex.o
 .debug_info    0x00007df9     0x1d36 build/stm32f1xx_ll_usb.o
 .debug_info    0x00009b2f      0x880 build/stm32f1xx_hal.o
 .debug_info    0x0000a3af      0xb10 build/stm32f1xx_hal_rcc.o
 .debug_info    0x0000aebf      0x47d build/stm32f1xx_hal_rcc_ex.o
 .debug_info    0x0000b33c      0xe3f build/stm32f1xx_hal_cortex.o
 .debug_info    0x0000c17b     0x4146 build/stm32f1xx_hal_tim.o
 .debug_info    0x000102c1     0x1d41 build/stm32f1xx_hal_tim_ex.o
 .debug_info    0x00012002      0x26e build/system_stm32f1xx.o
 .debug_info    0x00012270      0xf97 build/usbd_core.o
 .debug_info    0x00013207     0x1203 build/usbd_ctlreq.o
 .debug_info    0x0001440a      0x946 build/usbd_ioreq.o
 .debug_info    0x00014d50     0x15dc build/usbd_cdc.o
 .debug_info    0x0001632c       0x30 build/startup_stm32f103xb.o

.debug_abbrev   0x00000000     0x3263
 .debug_abbrev  0x00000000      0x2e7 build/main.o
 .debug_abbrev  0x000002e7      0x183 build/stm32f1xx_it.o
 .debug_abbrev  0x0000046a      0x1b0 build/stm32f1xx_hal_msp.o
 .debug_abbrev  0x0000061a      0x195 build/usb_device.o
 .debug_abbrev  0x000007af      0x23c build/usbd_desc.o
 .debug_abbrev  0x000009eb      0x26d build/usbd_cdc_if.o
 .debug_abbrev  0x00000c58      0x33e build/usbd_conf.o
 .debug_abbrev  0x00000f96      0x32d build/stm32f1xx_hal_pcd.o
 .debug_abbrev  0x000012c3      0x184 build/stm32f1xx_hal_pcd_ex.o
 .debug_abbrev  0x00001447      0x262 build/stm32f1xx_ll_usb.o
 .debug_abbrev  0x000016a9      0x232 build/stm32f1xx_hal.o
 .debug_abbrev  0x000018db      0x2d6 build/stm32f1xx_hal_rcc.o
 .debug_abbrev  0x00001bb1      0x1d4 build/stm32f1xx_hal_rcc_ex.o
 .debug_abbrev  0x00001d85      0x3aa build/stm32f1xx_hal_cortex.o
 .debug_abbrev  0x0000212f      0x2bd build/stm32f1xx_hal_tim.o
 .debug_abbrev  0x000023ec      0x2b7 build/stm32f1xx_hal_tim_ex.o
 .debug_abbrev  0x000026a3      0x140 build/system_stm32f1xx.o
 .debug_abbrev  0x000027e3      0x2ae build/usbd_core.o
 .debug_abbrev  0x00002a91      0x2ec build/usbd_ctlreq.o
 .debug_abbrev  0x00002d7d      0x18e build/usbd_ioreq.o
 .debug_abbrev  0x00002f0b      0x33b build/usbd_cdc.o
 .debug_abbrev  0x00003246       0x1d build/startup_stm32f103xb.o

.debug_loc      0x00000000    0x11e51
 .debug_loc     0x00000000      0x14e build/main.o
 .debug_loc     0x0000014e       0x40 build/stm32f1xx_it.o
 .debug_loc     0x0000018e       0x6d build/stm32f1xx_hal_msp.o
 .debug_loc     0x000001fb       0x20 build/usb_device.o
 .debug_loc     0x0000021b      0x4e7 build/usbd_desc.o
 .debug_loc     0x00000702      0x1bb build/usbd_cdc_if.o
 .debug_loc     0x000008bd     0x105a build/usbd_conf.o
 .debug_loc     0x00001917     0x1aa9 build/stm32f1xx_hal_pcd.o
 .debug_loc     0x000033c0      0x15a build/stm32f1xx_hal_pcd_ex.o
 .debug_loc     0x0000351a     0x1b4a build/stm32f1xx_ll_usb.o
 .debug_loc     0x00005064      0x1f9 build/stm32f1xx_hal.o
 .debug_loc     0x0000525d      0x7c6 build/stm32f1xx_hal_rcc.o
 .debug_loc     0x00005a23      0x484 build/stm32f1xx_hal_rcc_ex.o
 .debug_loc     0x00005ea7      0x8b4 build/stm32f1xx_hal_cortex.o
 .debug_loc     0x0000675b     0x6155 build/stm32f1xx_hal_tim.o
 .debug_loc     0x0000c8b0     0x226a build/stm32f1xx_hal_tim_ex.o
 .debug_loc     0x0000eb1a      0x11b build/system_stm32f1xx.o
 .debug_loc     0x0000ec35      0xbaa build/usbd_core.o
 .debug_loc     0x0000f7df     0x17db build/usbd_ctlreq.o
 .debug_loc     0x00010fba      0x3f8 build/usbd_ioreq.o
 .debug_loc     0x000113b2      0xa9f build/usbd_cdc.o

.debug_aranges  0x00000000      0xf30
 .debug_aranges
                0x00000000       0x48 build/main.o
 .debug_aranges
                0x00000048       0x68 build/stm32f1xx_it.o
 .debug_aranges
                0x000000b0       0x30 build/stm32f1xx_hal_msp.o
 .debug_aranges
                0x000000e0       0x20 build/usb_device.o
 .debug_aranges
                0x00000100       0x60 build/usbd_desc.o
 .debug_aranges
                0x00000160       0x40 build/usbd_cdc_if.o
 .debug_aranges
                0x000001a0      0x118 build/usbd_conf.o
 .debug_aranges
                0x000002b8      0x140 build/stm32f1xx_hal_pcd.o
 .debug_aranges
                0x000003f8       0x38 build/stm32f1xx_hal_pcd_ex.o
 .debug_aranges
                0x00000430       0xf8 build/stm32f1xx_ll_usb.o
 .debug_aranges
                0x00000528       0xe0 build/stm32f1xx_hal.o
 .debug_aranges
                0x00000608       0x90 build/stm32f1xx_hal_rcc.o
 .debug_aranges
                0x00000698       0x30 build/stm32f1xx_hal_rcc_ex.o
 .debug_aranges
                0x000006c8       0xc0 build/stm32f1xx_hal_cortex.o
 .debug_aranges
                0x00000788      0x3d0 build/stm32f1xx_hal_tim.o
 .debug_aranges
                0x00000b58      0x168 build/stm32f1xx_hal_tim_ex.o
 .debug_aranges
                0x00000cc0       0x28 build/system_stm32f1xx.o
 .debug_aranges
                0x00000ce8       0xb8 build/usbd_core.o
 .debug_aranges
                0x00000da0       0x88 build/usbd_ctlreq.o
 .debug_aranges
                0x00000e28       0x50 build/usbd_ioreq.o
 .debug_aranges
                0x00000e78       0x90 build/usbd_cdc.o
 .debug_aranges
                0x00000f08       0x28 build/startup_stm32f103xb.o

.debug_ranges   0x00000000     0x1158
 .debug_ranges  0x00000000       0x38 build/main.o
 .debug_ranges  0x00000038       0x58 build/stm32f1xx_it.o
 .debug_ranges  0x00000090       0x20 build/stm32f1xx_hal_msp.o
 .debug_ranges  0x000000b0       0x10 build/usb_device.o
 .debug_ranges  0x000000c0       0x50 build/usbd_desc.o
 .debug_ranges  0x00000110       0x30 build/usbd_cdc_if.o
 .debug_ranges  0x00000140      0x108 build/usbd_conf.o
 .debug_ranges  0x00000248      0x240 build/stm32f1xx_hal_pcd.o
 .debug_ranges  0x00000488       0x28 build/stm32f1xx_hal_pcd_ex.o
 .debug_ranges  0x000004b0      0x320 build/stm32f1xx_ll_usb.o
 .debug_ranges  0x000007d0       0xd0 build/stm32f1xx_hal.o
 .debug_ranges  0x000008a0       0xa0 build/stm32f1xx_hal_rcc.o
 .debug_ranges  0x00000940       0x38 build/stm32f1xx_hal_rcc_ex.o
 .debug_ranges  0x00000978       0xb0 build/stm32f1xx_hal_cortex.o
 .debug_ranges  0x00000a28      0x3c0 build/stm32f1xx_hal_tim.o
 .debug_ranges  0x00000de8      0x158 build/stm32f1xx_hal_tim_ex.o
 .debug_ranges  0x00000f40       0x18 build/system_stm32f1xx.o
 .debug_ranges  0x00000f58       0xa8 build/usbd_core.o
 .debug_ranges  0x00001000       0x78 build/usbd_ctlreq.o
 .debug_ranges  0x00001078       0x40 build/usbd_ioreq.o
 .debug_ranges  0x000010b8       0x80 build/usbd_cdc.o
 .debug_ranges  0x00001138       0x20 build/startup_stm32f103xb.o

.debug_line     0x00000000     0xf23f
 .debug_line    0x00000000      0x63d build/main.o
 .debug_line    0x0000063d      0x34e build/stm32f1xx_it.o
 .debug_line    0x0000098b      0x2d7 build/stm32f1xx_hal_msp.o
 .debug_line    0x00000c62      0x2d7 build/usb_device.o
 .debug_line    0x00000f39      0x3f2 build/usbd_desc.o
 .debug_line    0x0000132b      0x305 build/usbd_cdc_if.o
 .debug_line    0x00001630      0x85b build/usbd_conf.o
 .debug_line    0x00001e8b     0x17d4 build/stm32f1xx_hal_pcd.o
 .debug_line    0x0000365f      0x331 build/stm32f1xx_hal_pcd_ex.o
 .debug_line    0x00003990     0x173f build/stm32f1xx_ll_usb.o
 .debug_line    0x000050cf      0x5ce build/stm32f1xx_hal.o
 .debug_line    0x0000569d      0xd4e build/stm32f1xx_hal_rcc.o
 .debug_line    0x000063eb      0x547 build/stm32f1xx_hal_rcc_ex.o
 .debug_line    0x00006932      0x745 build/stm32f1xx_hal_cortex.o
 .debug_line    0x00007077     0x45cc build/stm32f1xx_hal_tim.o
 .debug_line    0x0000b643     0x19ce build/stm32f1xx_hal_tim_ex.o
 .debug_line    0x0000d011      0x2e3 build/system_stm32f1xx.o
 .debug_line    0x0000d2f4      0x7b7 build/usbd_core.o
 .debug_line    0x0000daab      0xb82 build/usbd_ctlreq.o
 .debug_line    0x0000e62d      0x342 build/usbd_ioreq.o
 .debug_line    0x0000e96f      0x85f build/usbd_cdc.o
 .debug_line    0x0000f1ce       0x71 build/startup_stm32f103xb.o

.debug_str      0x00000000     0x43f8
 .debug_str     0x00000000     0x43f8 build/main.o
                                0xa85 (size before relaxing)
 .debug_str     0x000043f8      0x5bd build/stm32f1xx_it.o
 .debug_str     0x000043f8      0x6da build/stm32f1xx_hal_msp.o
 .debug_str     0x000043f8      0x62a build/usb_device.o
 .debug_str     0x000043f8      0x422 build/usbd_desc.o
 .debug_str     0x000043f8      0x6de build/usbd_cdc_if.o
 .debug_str     0x000043f8     0x1182 build/usbd_conf.o
 .debug_str     0x000043f8      0xaf4 build/stm32f1xx_hal_pcd.o
 .debug_str     0x000043f8      0x6a4 build/stm32f1xx_hal_pcd_ex.o
 .debug_str     0x000043f8      0x6f6 build/stm32f1xx_ll_usb.o
 .debug_str     0x000043f8      0x7ff build/stm32f1xx_hal.o
 .debug_str     0x000043f8      0x5fc build/stm32f1xx_hal_rcc.o
 .debug_str     0x000043f8      0x3a4 build/stm32f1xx_hal_rcc_ex.o
 .debug_str     0x000043f8      0x8a4 build/stm32f1xx_hal_cortex.o
 .debug_str     0x000043f8     0x1656 build/stm32f1xx_hal_tim.o
 .debug_str     0x000043f8      0xe62 build/stm32f1xx_hal_tim_ex.o
 .debug_str     0x000043f8      0x225 build/system_stm32f1xx.o
 .debug_str     0x000043f8      0x802 build/usbd_core.o
 .debug_str     0x000043f8      0x71c build/usbd_ctlreq.o
 .debug_str     0x000043f8      0x649 build/usbd_ioreq.o
 .debug_str     0x000043f8      0xbf5 build/usbd_cdc.o
 .debug_str     0x000043f8       0x5c build/startup_stm32f103xb.o

.debug_frame    0x00000000     0x2604
 .debug_frame   0x00000000       0xb0 build/main.o
 .debug_frame   0x000000b0       0xc0 build/stm32f1xx_it.o
 .debug_frame   0x00000170       0x50 build/stm32f1xx_hal_msp.o
 .debug_frame   0x000001c0       0x28 build/usb_device.o
 .debug_frame   0x000001e8       0xe0 build/usbd_desc.o
 .debug_frame   0x000002c8       0x78 build/usbd_cdc_if.o
 .debug_frame   0x00000340      0x2ec build/usbd_conf.o
 .debug_frame   0x0000062c      0x358 build/stm32f1xx_hal_pcd.o
 .debug_frame   0x00000984       0x50 build/stm32f1xx_hal_pcd_ex.o
 .debug_frame   0x000009d4      0x1fc build/stm32f1xx_ll_usb.o
 .debug_frame   0x00000bd0      0x1cc build/stm32f1xx_hal.o
 .debug_frame   0x00000d9c      0x184 build/stm32f1xx_hal_rcc.o
 .debug_frame   0x00000f20       0x60 build/stm32f1xx_hal_rcc_ex.o
 .debug_frame   0x00000f80      0x19c build/stm32f1xx_hal_cortex.o
 .debug_frame   0x0000111c      0xb0c build/stm32f1xx_hal_tim.o
 .debug_frame   0x00001c28      0x40c build/stm32f1xx_hal_tim_ex.o
 .debug_frame   0x00002034       0x30 build/system_stm32f1xx.o
 .debug_frame   0x00002064      0x1c4 build/usbd_core.o
 .debug_frame   0x00002228      0x178 build/usbd_ctlreq.o
 .debug_frame   0x000023a0       0xb8 build/usbd_ioreq.o
 .debug_frame   0x00002458      0x160 build/usbd_cdc.o
 .debug_frame   0x000025b8       0x20 /home/aly/cuh/stmEnv/stm32cubeide_2.1.1/plugins/com.st.stm32cube.ide.mcu.externaltools.gnu-tools-for-stm32.14.3.rel1.linux64_1.0.100.202602081740/tools/bin/../lib/gcc/arm-none-eabi/14.3.1/../../../../arm-none-eabi/lib/thumb/v7-m/nofp/libc_nano.a(libc_a-memset.o)
 .debug_frame   0x000025d8       0x2c /home/aly/cuh/stmEnv/stm32cubeide_2.1.1/plugins/com.st.stm32cube.ide.mcu.externaltools.gnu-tools-for-stm32.14.3.rel1.linux64_1.0.100.202602081740/tools/bin/../lib/gcc/arm-none-eabi/14.3.1/../../../../arm-none-eabi/lib/thumb/v7-m/nofp/libc_nano.a(libc_a-init.o)

Cross Reference Table

Symbol                                            File
ADC1_2_IRQHandler                                 build/startup_stm32f103xb.o
AHBPrescTable                                     build/system_stm32f1xx.o
                                                  build/stm32f1xx_hal_rcc.o
APBPrescTable                                     build/system_stm32f1xx.o
                                                  build/stm32f1xx_hal_rcc.o
BusFault_Handler                                  build/stm32f1xx_it.o
CAN1_RX1_IRQHandler                               build/startup_stm32f103xb.o
CAN1_SCE_IRQHandler                               build/startup_stm32f103xb.o
CDC_Transmit_FS                                   build/usbd_cdc_if.o
                                                  build/main.o
DMA1_Channel1_IRQHandler                          build/startup_stm32f103xb.o
DMA1_Channel2_IRQHandler                          build/startup_stm32f103xb.o
DMA1_Channel3_IRQHandler                          build/startup_stm32f103xb.o
DMA1_Channel4_IRQHandler                          build/startup_stm32f103xb.o
DMA1_Channel5_IRQHandler                          build/startup_stm32f103xb.o
DMA1_Channel6_IRQHandler                          build/startup_stm32f103xb.o
DMA1_Channel7_IRQHandler                          build/startup_stm32f103xb.o
DebugMon_Handler                                  build/stm32f1xx_it.o
Default_Handler                                   build/startup_stm32f103xb.o
EXTI0_IRQHandler                                  build/startup_stm32f103xb.o
EXTI15_10_IRQHandler                              build/startup_stm32f103xb.o
EXTI1_IRQHandler                                  build/startup_stm32f103xb.o
EXTI2_IRQHandler                                  build/startup_stm32f103xb.o
EXTI3_IRQHandler                                  build/startup_stm32f103xb.o
EXTI4_IRQHandler                                  build/startup_stm32f103xb.o
EXTI9_5_IRQHandler                                build/startup_stm32f103xb.o
Error_Handler                                     build/main.o
                                                  build/usbd_conf.o
                                                  build/usb_device.o
FLASH_IRQHandler                                  build/startup_stm32f103xb.o
FLASH_PageErase                                   build/stm32f1xx_hal_flash_ex.o
                                                  build/stm32f1xx_hal_flash.o
FLASH_WaitForLastOperation                        build/stm32f1xx_hal_flash.o
                                                  build/stm32f1xx_hal_flash_ex.o
FS_Desc                                           build/usbd_desc.o
                                                  build/usb_device.o
HAL_DBGMCU_DisableDBGSleepMode                    build/stm32f1xx_hal.o
HAL_DBGMCU_DisableDBGStandbyMode                  build/stm32f1xx_hal.o
HAL_DBGMCU_DisableDBGStopMode                     build/stm32f1xx_hal.o
HAL_DBGMCU_EnableDBGSleepMode                     build/stm32f1xx_hal.o
HAL_DBGMCU_EnableDBGStandbyMode                   build/stm32f1xx_hal.o
HAL_DBGMCU_EnableDBGStopMode                      build/stm32f1xx_hal.o
HAL_DMA_Abort                                     build/stm32f1xx_hal_dma.o
HAL_DMA_Abort_IT                                  build/stm32f1xx_hal_dma.o
                                                  build/stm32f1xx_hal_tim_ex.o
                                                  build/stm32f1xx_hal_tim.o
HAL_DMA_DeInit                                    build/stm32f1xx_hal_dma.o
HAL_DMA_GetError                                  build/stm32f1xx_hal_dma.o
HAL_DMA_GetState                                  build/stm32f1xx_hal_dma.o
HAL_DMA_IRQHandler                                build/stm32f1xx_hal_dma.o
HAL_DMA_Init                                      build/stm32f1xx_hal_dma.o
HAL_DMA_PollForTransfer                           build/stm32f1xx_hal_dma.o
HAL_DMA_RegisterCallback                          build/stm32f1xx_hal_dma.o
HAL_DMA_Start                                     build/stm32f1xx_hal_dma.o
HAL_DMA_Start_IT                                  build/stm32f1xx_hal_dma.o
                                                  build/stm32f1xx_hal_tim_ex.o
                                                  build/stm32f1xx_hal_tim.o
HAL_DMA_UnRegisterCallback                        build/stm32f1xx_hal_dma.o
HAL_DeInit                                        build/stm32f1xx_hal.o
HAL_Delay                                         build/stm32f1xx_hal.o
                                                  build/usbd_conf.o
                                                  build/main.o
HAL_EXTI_ClearConfigLine                          build/stm32f1xx_hal_exti.o
HAL_EXTI_ClearPending                             build/stm32f1xx_hal_exti.o
HAL_EXTI_GenerateSWI                              build/stm32f1xx_hal_exti.o
HAL_EXTI_GetConfigLine                            build/stm32f1xx_hal_exti.o
HAL_EXTI_GetHandle                                build/stm32f1xx_hal_exti.o
HAL_EXTI_GetPending                               build/stm32f1xx_hal_exti.o
HAL_EXTI_IRQHandler                               build/stm32f1xx_hal_exti.o
HAL_EXTI_RegisterCallback                         build/stm32f1xx_hal_exti.o
HAL_EXTI_SetConfigLine                            build/stm32f1xx_hal_exti.o
HAL_FLASHEx_Erase                                 build/stm32f1xx_hal_flash_ex.o
HAL_FLASHEx_Erase_IT                              build/stm32f1xx_hal_flash_ex.o
HAL_FLASHEx_OBErase                               build/stm32f1xx_hal_flash_ex.o
HAL_FLASHEx_OBGetConfig                           build/stm32f1xx_hal_flash_ex.o
HAL_FLASHEx_OBGetUserData                         build/stm32f1xx_hal_flash_ex.o
HAL_FLASHEx_OBProgram                             build/stm32f1xx_hal_flash_ex.o
HAL_FLASH_EndOfOperationCallback                  build/stm32f1xx_hal_flash.o
HAL_FLASH_GetError                                build/stm32f1xx_hal_flash.o
HAL_FLASH_IRQHandler                              build/stm32f1xx_hal_flash.o
HAL_FLASH_Lock                                    build/stm32f1xx_hal_flash.o
HAL_FLASH_OB_Launch                               build/stm32f1xx_hal_flash.o
HAL_FLASH_OB_Lock                                 build/stm32f1xx_hal_flash.o
HAL_FLASH_OB_Unlock                               build/stm32f1xx_hal_flash.o
HAL_FLASH_OperationErrorCallback                  build/stm32f1xx_hal_flash.o
HAL_FLASH_Program                                 build/stm32f1xx_hal_flash.o
HAL_FLASH_Program_IT                              build/stm32f1xx_hal_flash.o
HAL_FLASH_Unlock                                  build/stm32f1xx_hal_flash.o
HAL_GPIOEx_ConfigEventout                         build/stm32f1xx_hal_gpio_ex.o
HAL_GPIOEx_DisableEventout                        build/stm32f1xx_hal_gpio_ex.o
HAL_GPIOEx_EnableEventout                         build/stm32f1xx_hal_gpio_ex.o
HAL_GPIO_DeInit                                   build/stm32f1xx_hal_gpio.o
HAL_GPIO_EXTI_Callback                            build/stm32f1xx_hal_gpio.o
HAL_GPIO_EXTI_IRQHandler                          build/stm32f1xx_hal_gpio.o
HAL_GPIO_Init                                     build/stm32f1xx_hal_gpio.o
                                                  build/stm32f1xx_hal_rcc.o
HAL_GPIO_LockPin                                  build/stm32f1xx_hal_gpio.o
HAL_GPIO_ReadPin                                  build/stm32f1xx_hal_gpio.o
HAL_GPIO_TogglePin                                build/stm32f1xx_hal_gpio.o
HAL_GPIO_WritePin                                 build/stm32f1xx_hal_gpio.o
HAL_GetDEVID                                      build/stm32f1xx_hal.o
HAL_GetHalVersion                                 build/stm32f1xx_hal.o
HAL_GetREVID                                      build/stm32f1xx_hal.o
HAL_GetTick                                       build/stm32f1xx_hal.o
                                                  build/stm32f1xx_hal_flash.o
                                                  build/stm32f1xx_hal_dma.o
                                                  build/stm32f1xx_hal_rcc_ex.o
                                                  build/stm32f1xx_hal_rcc.o
HAL_GetTickFreq                                   build/stm32f1xx_hal.o
HAL_GetTickPrio                                   build/stm32f1xx_hal.o
HAL_GetUIDw0                                      build/stm32f1xx_hal.o
HAL_GetUIDw1                                      build/stm32f1xx_hal.o
HAL_GetUIDw2                                      build/stm32f1xx_hal.o
HAL_IncTick                                       build/stm32f1xx_hal.o
                                                  build/stm32f1xx_it.o
HAL_Init                                          build/stm32f1xx_hal.o
                                                  build/main.o
HAL_InitTick                                      build/stm32f1xx_hal.o
                                                  build/stm32f1xx_hal_rcc.o
HAL_MspDeInit                                     build/stm32f1xx_hal.o
HAL_MspInit                                       build/stm32f1xx_hal_msp.o
HAL_NVIC_ClearPendingIRQ                          build/stm32f1xx_hal_cortex.o
HAL_NVIC_DisableIRQ                               build/stm32f1xx_hal_cortex.o
                                                  build/usbd_conf.o
HAL_NVIC_EnableIRQ                                build/stm32f1xx_hal_cortex.o
                                                  build/usbd_conf.o
HAL_NVIC_GetActive                                build/stm32f1xx_hal_cortex.o
HAL_NVIC_GetPendingIRQ                            build/stm32f1xx_hal_cortex.o
HAL_NVIC_GetPriority                              build/stm32f1xx_hal_cortex.o
HAL_NVIC_GetPriorityGrouping                      build/stm32f1xx_hal_cortex.o
HAL_NVIC_SetPendingIRQ                            build/stm32f1xx_hal_cortex.o
HAL_NVIC_SetPriority                              build/stm32f1xx_hal_cortex.o
                                                  build/stm32f1xx_hal.o
                                                  build/usbd_conf.o
HAL_NVIC_SetPriorityGrouping                      build/stm32f1xx_hal_cortex.o
                                                  build/stm32f1xx_hal.o
HAL_NVIC_SystemReset                              build/stm32f1xx_hal_cortex.o
                                                  build/stm32f1xx_hal_flash.o
HAL_PCDEx_BCD_Callback                            build/stm32f1xx_hal_pcd_ex.o
HAL_PCDEx_LPM_Callback                            build/stm32f1xx_hal_pcd_ex.o
HAL_PCDEx_PMAConfig                               build/stm32f1xx_hal_pcd_ex.o
                                                  build/usbd_conf.o
HAL_PCDEx_SetConnectionState                      build/usbd_conf.o
                                                  build/stm32f1xx_hal_pcd.o
HAL_PCD_ActivateRemoteWakeup                      build/stm32f1xx_hal_pcd.o
HAL_PCD_ConnectCallback                           build/usbd_conf.o
HAL_PCD_DataInStageCallback                       build/usbd_conf.o
HAL_PCD_DataOutStageCallback                      build/usbd_conf.o
HAL_PCD_DeActivateRemoteWakeup                    build/stm32f1xx_hal_pcd.o
HAL_PCD_DeInit                                    build/stm32f1xx_hal_pcd.o
                                                  build/usbd_conf.o
HAL_PCD_DevConnect                                build/stm32f1xx_hal_pcd.o
HAL_PCD_DevDisconnect                             build/stm32f1xx_hal_pcd.o
HAL_PCD_DisconnectCallback                        build/usbd_conf.o
HAL_PCD_EP_Abort                                  build/stm32f1xx_hal_pcd.o
HAL_PCD_EP_Close                                  build/stm32f1xx_hal_pcd.o
                                                  build/usbd_conf.o
HAL_PCD_EP_ClrStall                               build/stm32f1xx_hal_pcd.o
                                                  build/usbd_conf.o
HAL_PCD_EP_Flush                                  build/stm32f1xx_hal_pcd.o
                                                  build/usbd_conf.o
HAL_PCD_EP_GetRxCount                             build/stm32f1xx_hal_pcd.o
                                                  build/usbd_conf.o
HAL_PCD_EP_Open                                   build/stm32f1xx_hal_pcd.o
                                                  build/usbd_conf.o
HAL_PCD_EP_Receive                                build/stm32f1xx_hal_pcd.o
                                                  build/usbd_conf.o
HAL_PCD_EP_SetStall                               build/stm32f1xx_hal_pcd.o
                                                  build/usbd_conf.o
HAL_PCD_EP_Transmit                               build/stm32f1xx_hal_pcd.o
                                                  build/usbd_conf.o
HAL_PCD_GetState                                  build/stm32f1xx_hal_pcd.o
HAL_PCD_IRQHandler                                build/stm32f1xx_hal_pcd.o
                                                  build/stm32f1xx_it.o
HAL_PCD_ISOINIncompleteCallback                   build/usbd_conf.o
HAL_PCD_ISOOUTIncompleteCallback                  build/usbd_conf.o
HAL_PCD_Init                                      build/stm32f1xx_hal_pcd.o
                                                  build/usbd_conf.o
HAL_PCD_MspDeInit                                 build/usbd_conf.o
HAL_PCD_MspInit                                   build/usbd_conf.o
HAL_PCD_ResetCallback                             build/usbd_conf.o
HAL_PCD_ResumeCallback                            build/usbd_conf.o
HAL_PCD_SOFCallback                               build/usbd_conf.o
HAL_PCD_SetAddress                                build/stm32f1xx_hal_pcd.o
                                                  build/usbd_conf.o
HAL_PCD_SetupStageCallback                        build/usbd_conf.o
HAL_PCD_Start                                     build/stm32f1xx_hal_pcd.o
                                                  build/usbd_conf.o
HAL_PCD_Stop                                      build/stm32f1xx_hal_pcd.o
                                                  build/usbd_conf.o
HAL_PCD_SuspendCallback                           build/usbd_conf.o
HAL_PCD_WKUP_IRQHandler                           build/stm32f1xx_hal_pcd.o
HAL_PWR_ConfigPVD                                 build/stm32f1xx_hal_pwr.o
HAL_PWR_DeInit                                    build/stm32f1xx_hal_pwr.o
HAL_PWR_DisableBkUpAccess                         build/stm32f1xx_hal_pwr.o
HAL_PWR_DisablePVD                                build/stm32f1xx_hal_pwr.o
HAL_PWR_DisableSEVOnPend                          build/stm32f1xx_hal_pwr.o
HAL_PWR_DisableSleepOnExit                        build/stm32f1xx_hal_pwr.o
HAL_PWR_DisableWakeUpPin                          build/stm32f1xx_hal_pwr.o
HAL_PWR_EnableBkUpAccess                          build/stm32f1xx_hal_pwr.o
HAL_PWR_EnablePVD                                 build/stm32f1xx_hal_pwr.o
HAL_PWR_EnableSEVOnPend                           build/stm32f1xx_hal_pwr.o
HAL_PWR_EnableSleepOnExit                         build/stm32f1xx_hal_pwr.o
HAL_PWR_EnableWakeUpPin                           build/stm32f1xx_hal_pwr.o
HAL_PWR_EnterSLEEPMode                            build/stm32f1xx_hal_pwr.o
HAL_PWR_EnterSTANDBYMode                          build/stm32f1xx_hal_pwr.o
HAL_PWR_EnterSTOPMode                             build/stm32f1xx_hal_pwr.o
HAL_PWR_PVDCallback                               build/stm32f1xx_hal_pwr.o
HAL_PWR_PVD_IRQHandler                            build/stm32f1xx_hal_pwr.o
HAL_RCCEx_GetPeriphCLKConfig                      build/stm32f1xx_hal_rcc_ex.o
HAL_RCCEx_GetPeriphCLKFreq                        build/stm32f1xx_hal_rcc_ex.o
HAL_RCCEx_PeriphCLKConfig                         build/stm32f1xx_hal_rcc_ex.o
                                                  build/main.o
HAL_RCC_CSSCallback                               build/stm32f1xx_hal_rcc.o
HAL_RCC_ClockConfig                               build/stm32f1xx_hal_rcc.o
                                                  build/main.o
HAL_RCC_DeInit                                    build/stm32f1xx_hal_rcc.o
HAL_RCC_DisableCSS                                build/stm32f1xx_hal_rcc.o
HAL_RCC_EnableCSS                                 build/stm32f1xx_hal_rcc.o
HAL_RCC_GetClockConfig                            build/stm32f1xx_hal_rcc.o
HAL_RCC_GetHCLKFreq                               build/stm32f1xx_hal_rcc.o
HAL_RCC_GetOscConfig                              build/stm32f1xx_hal_rcc.o
HAL_RCC_GetPCLK1Freq                              build/stm32f1xx_hal_rcc.o
HAL_RCC_GetPCLK2Freq                              build/stm32f1xx_hal_rcc.o
                                                  build/stm32f1xx_hal_rcc_ex.o
HAL_RCC_GetSysClockFreq                           build/stm32f1xx_hal_rcc.o
HAL_RCC_MCOConfig                                 build/stm32f1xx_hal_rcc.o
HAL_RCC_NMI_IRQHandler                            build/stm32f1xx_hal_rcc.o
HAL_RCC_OscConfig                                 build/stm32f1xx_hal_rcc.o
                                                  build/main.o
HAL_ResumeTick                                    build/stm32f1xx_hal.o
HAL_SYSTICK_CLKSourceConfig                       build/stm32f1xx_hal_cortex.o
HAL_SYSTICK_Callback                              build/stm32f1xx_hal_cortex.o
HAL_SYSTICK_Config                                build/stm32f1xx_hal_cortex.o
                                                  build/stm32f1xx_hal.o
HAL_SYSTICK_IRQHandler                            build/stm32f1xx_hal_cortex.o
HAL_SetTickFreq                                   build/stm32f1xx_hal.o
HAL_SuspendTick                                   build/stm32f1xx_hal.o
HAL_TIMEx_BreakCallback                           build/stm32f1xx_hal_tim_ex.o
                                                  build/stm32f1xx_hal_tim.o
HAL_TIMEx_CommutCallback                          build/stm32f1xx_hal_tim_ex.o
                                                  build/stm32f1xx_hal_tim.o
HAL_TIMEx_CommutHalfCpltCallback                  build/stm32f1xx_hal_tim_ex.o
HAL_TIMEx_ConfigBreakDeadTime                     build/stm32f1xx_hal_tim_ex.o
HAL_TIMEx_ConfigCommutEvent                       build/stm32f1xx_hal_tim_ex.o
HAL_TIMEx_ConfigCommutEvent_DMA                   build/stm32f1xx_hal_tim_ex.o
HAL_TIMEx_ConfigCommutEvent_IT                    build/stm32f1xx_hal_tim_ex.o
HAL_TIMEx_GetChannelNState                        build/stm32f1xx_hal_tim_ex.o
HAL_TIMEx_HallSensor_DeInit                       build/stm32f1xx_hal_tim_ex.o
HAL_TIMEx_HallSensor_GetState                     build/stm32f1xx_hal_tim_ex.o
HAL_TIMEx_HallSensor_Init                         build/stm32f1xx_hal_tim_ex.o
HAL_TIMEx_HallSensor_MspDeInit                    build/stm32f1xx_hal_tim_ex.o
HAL_TIMEx_HallSensor_MspInit                      build/stm32f1xx_hal_tim_ex.o
HAL_TIMEx_HallSensor_Start                        build/stm32f1xx_hal_tim_ex.o
HAL_TIMEx_HallSensor_Start_DMA                    build/stm32f1xx_hal_tim_ex.o
HAL_TIMEx_HallSensor_Start_IT                     build/stm32f1xx_hal_tim_ex.o
HAL_TIMEx_HallSensor_Stop                         build/stm32f1xx_hal_tim_ex.o
HAL_TIMEx_HallSensor_Stop_DMA                     build/stm32f1xx_hal_tim_ex.o
HAL_TIMEx_HallSensor_Stop_IT                      build/stm32f1xx_hal_tim_ex.o
HAL_TIMEx_MasterConfigSynchronization             build/stm32f1xx_hal_tim_ex.o
                                                  build/main.o
HAL_TIMEx_OCN_Start                               build/stm32f1xx_hal_tim_ex.o
HAL_TIMEx_OCN_Start_DMA                           build/stm32f1xx_hal_tim_ex.o
HAL_TIMEx_OCN_Start_IT                            build/stm32f1xx_hal_tim_ex.o
HAL_TIMEx_OCN_Stop                                build/stm32f1xx_hal_tim_ex.o
HAL_TIMEx_OCN_Stop_DMA                            build/stm32f1xx_hal_tim_ex.o
HAL_TIMEx_OCN_Stop_IT                             build/stm32f1xx_hal_tim_ex.o
HAL_TIMEx_OnePulseN_Start                         build/stm32f1xx_hal_tim_ex.o
HAL_TIMEx_OnePulseN_Start_IT                      build/stm32f1xx_hal_tim_ex.o
HAL_TIMEx_OnePulseN_Stop                          build/stm32f1xx_hal_tim_ex.o
HAL_TIMEx_OnePulseN_Stop_IT                       build/stm32f1xx_hal_tim_ex.o
HAL_TIMEx_PWMN_Start                              build/stm32f1xx_hal_tim_ex.o
HAL_TIMEx_PWMN_Start_DMA                          build/stm32f1xx_hal_tim_ex.o
HAL_TIMEx_PWMN_Start_IT                           build/stm32f1xx_hal_tim_ex.o
HAL_TIMEx_PWMN_Stop                               build/stm32f1xx_hal_tim_ex.o
HAL_TIMEx_PWMN_Stop_DMA                           build/stm32f1xx_hal_tim_ex.o
HAL_TIMEx_PWMN_Stop_IT                            build/stm32f1xx_hal_tim_ex.o
HAL_TIMEx_RemapConfig                             build/stm32f1xx_hal_tim_ex.o
HAL_TIM_Base_DeInit                               build/stm32f1xx_hal_tim.o
HAL_TIM_Base_GetState                             build/stm32f1xx_hal_tim.o
HAL_TIM_Base_Init                                 build/stm32f1xx_hal_tim.o
                                                  build/main.o
HAL_TIM_Base_MspDeInit                            build/stm32f1xx_hal_msp.o
HAL_TIM_Base_MspInit                              build/stm32f1xx_hal_msp.o
HAL_TIM_Base_Start                                build/stm32f1xx_hal_tim.o
HAL_TIM_Base_Start_DMA                            build/stm32f1xx_hal_tim.o
HAL_TIM_Base_Start_IT                             build/stm32f1xx_hal_tim.o
                                                  build/main.o
HAL_TIM_Base_Stop                                 build/stm32f1xx_hal_tim.o
HAL_TIM_Base_Stop_DMA                             build/stm32f1xx_hal_tim.o
HAL_TIM_Base_Stop_IT                              build/stm32f1xx_hal_tim.o
HAL_TIM_ConfigClockSource                         build/stm32f1xx_hal_tim.o
HAL_TIM_ConfigOCrefClear                          build/stm32f1xx_hal_tim.o
HAL_TIM_ConfigTI1Input                            build/stm32f1xx_hal_tim.o
HAL_TIM_DMABurstState                             build/stm32f1xx_hal_tim.o
HAL_TIM_DMABurst_MultiReadStart                   build/stm32f1xx_hal_tim.o
HAL_TIM_DMABurst_MultiWriteStart                  build/stm32f1xx_hal_tim.o
HAL_TIM_DMABurst_ReadStart                        build/stm32f1xx_hal_tim.o
HAL_TIM_DMABurst_ReadStop                         build/stm32f1xx_hal_tim.o
HAL_TIM_DMABurst_WriteStart                       build/stm32f1xx_hal_tim.o
HAL_TIM_DMABurst_WriteStop                        build/stm32f1xx_hal_tim.o
HAL_TIM_Encoder_DeInit                            build/stm32f1xx_hal_tim.o
HAL_TIM_Encoder_GetState                          build/stm32f1xx_hal_tim.o
HAL_TIM_Encoder_Init                              build/stm32f1xx_hal_tim.o
HAL_TIM_Encoder_MspDeInit                         build/stm32f1xx_hal_tim.o
HAL_TIM_Encoder_MspInit                           build/stm32f1xx_hal_tim.o
HAL_TIM_Encoder_Start                             build/stm32f1xx_hal_tim.o
HAL_TIM_Encoder_Start_DMA                         build/stm32f1xx_hal_tim.o
HAL_TIM_Encoder_Start_IT                          build/stm32f1xx_hal_tim.o
HAL_TIM_Encoder_Stop                              build/stm32f1xx_hal_tim.o
HAL_TIM_Encoder_Stop_DMA                          build/stm32f1xx_hal_tim.o
HAL_TIM_Encoder_Stop_IT                           build/stm32f1xx_hal_tim.o
HAL_TIM_ErrorCallback                             build/stm32f1xx_hal_tim.o
                                                  build/stm32f1xx_hal_tim_ex.o
HAL_TIM_GenerateEvent                             build/stm32f1xx_hal_tim.o
HAL_TIM_GetActiveChannel                          build/stm32f1xx_hal_tim.o
HAL_TIM_GetChannelState                           build/stm32f1xx_hal_tim.o
HAL_TIM_IC_CaptureCallback                        build/stm32f1xx_hal_tim.o
HAL_TIM_IC_CaptureHalfCpltCallback                build/stm32f1xx_hal_tim.o
HAL_TIM_IC_ConfigChannel                          build/stm32f1xx_hal_tim.o
HAL_TIM_IC_DeInit                                 build/stm32f1xx_hal_tim.o
HAL_TIM_IC_GetState                               build/stm32f1xx_hal_tim.o
HAL_TIM_IC_Init                                   build/stm32f1xx_hal_tim.o
HAL_TIM_IC_MspDeInit                              build/stm32f1xx_hal_tim.o
HAL_TIM_IC_MspInit                                build/stm32f1xx_hal_tim.o
HAL_TIM_IC_Start                                  build/stm32f1xx_hal_tim.o
HAL_TIM_IC_Start_DMA                              build/stm32f1xx_hal_tim.o
HAL_TIM_IC_Start_IT                               build/stm32f1xx_hal_tim.o
HAL_TIM_IC_Stop                                   build/stm32f1xx_hal_tim.o
HAL_TIM_IC_Stop_DMA                               build/stm32f1xx_hal_tim.o
HAL_TIM_IC_Stop_IT                                build/stm32f1xx_hal_tim.o
HAL_TIM_IRQHandler                                build/stm32f1xx_hal_tim.o
HAL_TIM_OC_ConfigChannel                          build/stm32f1xx_hal_tim.o
HAL_TIM_OC_DeInit                                 build/stm32f1xx_hal_tim.o
HAL_TIM_OC_DelayElapsedCallback                   build/stm32f1xx_hal_tim.o
HAL_TIM_OC_GetState                               build/stm32f1xx_hal_tim.o
HAL_TIM_OC_Init                                   build/stm32f1xx_hal_tim.o
HAL_TIM_OC_MspDeInit                              build/stm32f1xx_hal_tim.o
HAL_TIM_OC_MspInit                                build/stm32f1xx_hal_tim.o
HAL_TIM_OC_Start                                  build/stm32f1xx_hal_tim.o
HAL_TIM_OC_Start_DMA                              build/stm32f1xx_hal_tim.o
HAL_TIM_OC_Start_IT                               build/stm32f1xx_hal_tim.o
HAL_TIM_OC_Stop                                   build/stm32f1xx_hal_tim.o
HAL_TIM_OC_Stop_DMA                               build/stm32f1xx_hal_tim.o
HAL_TIM_OC_Stop_IT                                build/stm32f1xx_hal_tim.o
HAL_TIM_OnePulse_ConfigChannel                    build/stm32f1xx_hal_tim.o
HAL_TIM_OnePulse_DeInit                           build/stm32f1xx_hal_tim.o
HAL_TIM_OnePulse_GetState                         build/stm32f1xx_hal_tim.o
HAL_TIM_OnePulse_Init                             build/stm32f1xx_hal_tim.o
HAL_TIM_OnePulse_MspDeInit                        build/stm32f1xx_hal_tim.o
HAL_TIM_OnePulse_MspInit                          build/stm32f1xx_hal_tim.o
HAL_TIM_OnePulse_Start                            build/stm32f1xx_hal_tim.o
HAL_TIM_OnePulse_Start_IT                         build/stm32f1xx_hal_tim.o
HAL_TIM_OnePulse_Stop                             build/stm32f1xx_hal_tim.o
HAL_TIM_OnePulse_Stop_IT                          build/stm32f1xx_hal_tim.o
HAL_TIM_PWM_ConfigChannel                         build/stm32f1xx_hal_tim.o
HAL_TIM_PWM_DeInit                                build/stm32f1xx_hal_tim.o
HAL_TIM_PWM_GetState                              build/stm32f1xx_hal_tim.o
HAL_TIM_PWM_Init                                  build/stm32f1xx_hal_tim.o
HAL_TIM_PWM_MspDeInit                             build/stm32f1xx_hal_tim.o
HAL_TIM_PWM_MspInit                               build/stm32f1xx_hal_tim.o
HAL_TIM_PWM_PulseFinishedCallback                 build/stm32f1xx_hal_tim.o
                                                  build/stm32f1xx_hal_tim_ex.o
HAL_TIM_PWM_PulseFinishedHalfCpltCallback         build/stm32f1xx_hal_tim.o
HAL_TIM_PWM_Start                                 build/stm32f1xx_hal_tim.o
HAL_TIM_PWM_Start_DMA                             build/stm32f1xx_hal_tim.o
HAL_TIM_PWM_Start_IT                              build/stm32f1xx_hal_tim.o
HAL_TIM_PWM_Stop                                  build/stm32f1xx_hal_tim.o
HAL_TIM_PWM_Stop_DMA                              build/stm32f1xx_hal_tim.o
HAL_TIM_PWM_Stop_IT                               build/stm32f1xx_hal_tim.o
HAL_TIM_PeriodElapsedCallback                     build/main.o
HAL_TIM_PeriodElapsedHalfCpltCallback             build/stm32f1xx_hal_tim.o
HAL_TIM_ReadCapturedValue                         build/stm32f1xx_hal_tim.o
HAL_TIM_SlaveConfigSynchro                        build/stm32f1xx_hal_tim.o
                                                  build/main.o
HAL_TIM_SlaveConfigSynchro_IT                     build/stm32f1xx_hal_tim.o
HAL_TIM_TriggerCallback                           build/stm32f1xx_hal_tim.o
HAL_TIM_TriggerHalfCpltCallback                   build/stm32f1xx_hal_tim.o
HardFault_Handler                                 build/stm32f1xx_it.o
I2C1_ER_IRQHandler                                build/startup_stm32f103xb.o
I2C1_EV_IRQHandler                                build/startup_stm32f103xb.o
I2C2_ER_IRQHandler                                build/startup_stm32f103xb.o
I2C2_EV_IRQHandler                                build/startup_stm32f103xb.o
MX_USB_DEVICE_Init                                build/usb_device.o
                                                  build/main.o
MemManage_Handler                                 build/stm32f1xx_it.o
NMI_Handler                                       build/stm32f1xx_it.o
PVD_IRQHandler                                    build/startup_stm32f103xb.o
PendSV_Handler                                    build/stm32f1xx_it.o
RCC_IRQHandler                                    build/startup_stm32f103xb.o
RTC_Alarm_IRQHandler                              build/startup_stm32f103xb.o
RTC_IRQHandler                                    build/startup_stm32f103xb.o
Reset_Handler                                     build/startup_stm32f103xb.o
SPI1_IRQHandler                                   build/startup_stm32f103xb.o
SPI2_IRQHandler                                   build/startup_stm32f103xb.o
SVC_Handler                                       build/stm32f1xx_it.o
SysTick_Handler                                   build/stm32f1xx_it.o
SystemClock_Config                                build/main.o
SystemCoreClock                                   build/system_stm32f1xx.o
                                                  build/stm32f1xx_hal_rcc.o
                                                  build/stm32f1xx_hal.o
SystemCoreClockUpdate                             build/system_stm32f1xx.o
SystemInit                                        build/system_stm32f1xx.o
                                                  build/startup_stm32f103xb.o
TAMPER_IRQHandler                                 build/startup_stm32f103xb.o
TIM1_BRK_IRQHandler                               build/startup_stm32f103xb.o
TIM1_CC_IRQHandler                                build/startup_stm32f103xb.o
TIM1_TRG_COM_IRQHandler                           build/startup_stm32f103xb.o
TIM1_UP_IRQHandler                                build/startup_stm32f103xb.o
TIM2_IRQHandler                                   build/startup_stm32f103xb.o
TIM3_IRQHandler                                   build/startup_stm32f103xb.o
TIM4_IRQHandler                                   build/startup_stm32f103xb.o
TIMEx_DMACommutationCplt                          build/stm32f1xx_hal_tim_ex.o
                                                  build/stm32f1xx_hal_tim.o
TIMEx_DMACommutationHalfCplt                      build/stm32f1xx_hal_tim_ex.o
                                                  build/stm32f1xx_hal_tim.o
TIM_Base_SetConfig                                build/stm32f1xx_hal_tim.o
                                                  build/stm32f1xx_hal_tim_ex.o
TIM_CCxChannelCmd                                 build/stm32f1xx_hal_tim.o
                                                  build/stm32f1xx_hal_tim_ex.o
TIM_DMACaptureCplt                                build/stm32f1xx_hal_tim.o
                                                  build/stm32f1xx_hal_tim_ex.o
TIM_DMACaptureHalfCplt                            build/stm32f1xx_hal_tim.o
                                                  build/stm32f1xx_hal_tim_ex.o
TIM_DMADelayPulseHalfCplt                         build/stm32f1xx_hal_tim.o
                                                  build/stm32f1xx_hal_tim_ex.o
TIM_DMAError                                      build/stm32f1xx_hal_tim.o
                                                  build/stm32f1xx_hal_tim_ex.o
TIM_ETR_SetConfig                                 build/stm32f1xx_hal_tim.o
TIM_OC2_SetConfig                                 build/stm32f1xx_hal_tim.o
                                                  build/stm32f1xx_hal_tim_ex.o
TIM_TI1_SetConfig                                 build/stm32f1xx_hal_tim.o
                                                  build/stm32f1xx_hal_tim_ex.o
USART1_IRQHandler                                 build/startup_stm32f103xb.o
USART2_IRQHandler                                 build/startup_stm32f103xb.o
USART3_IRQHandler                                 build/startup_stm32f103xb.o
USBD_CDC                                          build/usbd_cdc.o
                                                  build/usb_device.o
USBD_CDC_CfgFSDesc                                build/usbd_cdc.o
USBD_CDC_CfgHSDesc                                build/usbd_cdc.o
USBD_CDC_GetDeviceQualifierDescriptor             build/usbd_cdc.o
USBD_CDC_OtherSpeedCfgDesc                        build/usbd_cdc.o
USBD_CDC_ReceivePacket                            build/usbd_cdc.o
                                                  build/usbd_cdc_if.o
USBD_CDC_RegisterInterface                        build/usbd_cdc.o
                                                  build/usb_device.o
USBD_CDC_SetRxBuffer                              build/usbd_cdc.o
                                                  build/usbd_cdc_if.o
USBD_CDC_SetTxBuffer                              build/usbd_cdc.o
                                                  build/usbd_cdc_if.o
USBD_CDC_TransmitPacket                           build/usbd_cdc.o
                                                  build/usbd_cdc_if.o
USBD_ClrClassConfig                               build/usbd_core.o
                                                  build/usbd_ctlreq.o
USBD_CtlContinueRx                                build/usbd_ioreq.o
                                                  build/usbd_core.o
USBD_CtlContinueSendData                          build/usbd_ioreq.o
                                                  build/usbd_core.o
USBD_CtlError                                     build/usbd_ctlreq.o
                                                  build/usbd_cdc.o
USBD_CtlPrepareRx                                 build/usbd_ioreq.o
                                                  build/usbd_cdc.o
USBD_CtlReceiveStatus                             build/usbd_ioreq.o
                                                  build/usbd_core.o
USBD_CtlSendData                                  build/usbd_ioreq.o
                                                  build/usbd_cdc.o
                                                  build/usbd_ctlreq.o
USBD_CtlSendStatus                                build/usbd_ioreq.o
                                                  build/usbd_ctlreq.o
                                                  build/usbd_core.o
USBD_DeInit                                       build/usbd_core.o
USBD_FS_ConfigStrDescriptor                       build/usbd_desc.o
USBD_FS_DeviceDesc                                build/usbd_desc.o
USBD_FS_DeviceDescriptor                          build/usbd_desc.o
USBD_FS_InterfaceStrDescriptor                    build/usbd_desc.o
USBD_FS_LangIDStrDescriptor                       build/usbd_desc.o
USBD_FS_ManufacturerStrDescriptor                 build/usbd_desc.o
USBD_FS_ProductStrDescriptor                      build/usbd_desc.o
USBD_FS_SerialStrDescriptor                       build/usbd_desc.o
USBD_GetRxCount                                   build/usbd_ioreq.o
USBD_GetString                                    build/usbd_ctlreq.o
                                                  build/usbd_desc.o
USBD_Init                                         build/usbd_core.o